Archive member included to satisfy reference by file (symbol)

/opt/riscv64/bin/../lib/gcc/riscv64-unknown-elf/8.3.0/../../../../riscv64-unknown-elf/lib/rv32im/ilp32/libc.a(lib_a-puts.o)
                              ./src/main.o (puts)
/opt/riscv64/bin/../lib/gcc/riscv64-unknown-elf/8.3.0/../../../../riscv64-unknown-elf/lib/rv32im/ilp32/libc.a(lib_a-strlen.o)
                              /opt/riscv64/bin/../lib/gcc/riscv64-unknown-elf/8.3.0/../../../../riscv64-unknown-elf/lib/rv32im/ilp32/libc.a(lib_a-puts.o) (strlen)
/opt/riscv64/bin/../lib/gcc/riscv64-unknown-elf/8.3.0/../../../../riscv64-unknown-elf/lib/rv32im/ilp32/libc.a(lib_a-findfp.o)
                              /opt/riscv64/bin/../lib/gcc/riscv64-unknown-elf/8.3.0/../../../../riscv64-unknown-elf/lib/rv32im/ilp32/libc.a(lib_a-puts.o) (__sinit)
/opt/riscv64/bin/../lib/gcc/riscv64-unknown-elf/8.3.0/../../../../riscv64-unknown-elf/lib/rv32im/ilp32/libc.a(lib_a-fvwrite.o)
                              /opt/riscv64/bin/../lib/gcc/riscv64-unknown-elf/8.3.0/../../../../riscv64-unknown-elf/lib/rv32im/ilp32/libc.a(lib_a-puts.o) (__sfvwrite_r)
/opt/riscv64/bin/../lib/gcc/riscv64-unknown-elf/8.3.0/../../../../riscv64-unknown-elf/lib/rv32im/ilp32/libc.a(lib_a-fwalk.o)
                              /opt/riscv64/bin/../lib/gcc/riscv64-unknown-elf/8.3.0/../../../../riscv64-unknown-elf/lib/rv32im/ilp32/libc.a(lib_a-findfp.o) (_fwalk)
/opt/riscv64/bin/../lib/gcc/riscv64-unknown-elf/8.3.0/../../../../riscv64-unknown-elf/lib/rv32im/ilp32/libc.a(lib_a-impure.o)
                              /opt/riscv64/bin/../lib/gcc/riscv64-unknown-elf/8.3.0/../../../../riscv64-unknown-elf/lib/rv32im/ilp32/libc.a(lib_a-findfp.o) (_global_impure_ptr)
/opt/riscv64/bin/../lib/gcc/riscv64-unknown-elf/8.3.0/../../../../riscv64-unknown-elf/lib/rv32im/ilp32/libc.a(lib_a-mallocr.o)
                              /opt/riscv64/bin/../lib/gcc/riscv64-unknown-elf/8.3.0/../../../../riscv64-unknown-elf/lib/rv32im/ilp32/libc.a(lib_a-findfp.o) (_malloc_r)
/opt/riscv64/bin/../lib/gcc/riscv64-unknown-elf/8.3.0/../../../../riscv64-unknown-elf/lib/rv32im/ilp32/libc.a(lib_a-memchr.o)
                              /opt/riscv64/bin/../lib/gcc/riscv64-unknown-elf/8.3.0/../../../../riscv64-unknown-elf/lib/rv32im/ilp32/libc.a(lib_a-fvwrite.o) (memchr)
/opt/riscv64/bin/../lib/gcc/riscv64-unknown-elf/8.3.0/../../../../riscv64-unknown-elf/lib/rv32im/ilp32/libc.a(lib_a-memcpy.o)
                              /opt/riscv64/bin/../lib/gcc/riscv64-unknown-elf/8.3.0/../../../../riscv64-unknown-elf/lib/rv32im/ilp32/libc.a(lib_a-fvwrite.o) (memcpy)
/opt/riscv64/bin/../lib/gcc/riscv64-unknown-elf/8.3.0/../../../../riscv64-unknown-elf/lib/rv32im/ilp32/libc.a(lib_a-memmove-stub.o)
                              /opt/riscv64/bin/../lib/gcc/riscv64-unknown-elf/8.3.0/../../../../riscv64-unknown-elf/lib/rv32im/ilp32/libc.a(lib_a-fvwrite.o) (memmove)
/opt/riscv64/bin/../lib/gcc/riscv64-unknown-elf/8.3.0/../../../../riscv64-unknown-elf/lib/rv32im/ilp32/libc.a(lib_a-memset.o)
                              /opt/riscv64/bin/../lib/gcc/riscv64-unknown-elf/8.3.0/../../../../riscv64-unknown-elf/lib/rv32im/ilp32/libc.a(lib_a-findfp.o) (memset)
/opt/riscv64/bin/../lib/gcc/riscv64-unknown-elf/8.3.0/../../../../riscv64-unknown-elf/lib/rv32im/ilp32/libc.a(lib_a-mlock.o)
                              /opt/riscv64/bin/../lib/gcc/riscv64-unknown-elf/8.3.0/../../../../riscv64-unknown-elf/lib/rv32im/ilp32/libc.a(lib_a-mallocr.o) (__malloc_lock)
/opt/riscv64/bin/../lib/gcc/riscv64-unknown-elf/8.3.0/../../../../riscv64-unknown-elf/lib/rv32im/ilp32/libc.a(lib_a-reallocr.o)
                              /opt/riscv64/bin/../lib/gcc/riscv64-unknown-elf/8.3.0/../../../../riscv64-unknown-elf/lib/rv32im/ilp32/libc.a(lib_a-fvwrite.o) (_realloc_r)
/opt/riscv64/bin/../lib/gcc/riscv64-unknown-elf/8.3.0/../../../../riscv64-unknown-elf/lib/rv32im/ilp32/libc.a(lib_a-sbrkr.o)
                              /opt/riscv64/bin/../lib/gcc/riscv64-unknown-elf/8.3.0/../../../../riscv64-unknown-elf/lib/rv32im/ilp32/libc.a(lib_a-mallocr.o) (_sbrk_r)
/opt/riscv64/bin/../lib/gcc/riscv64-unknown-elf/8.3.0/../../../../riscv64-unknown-elf/lib/rv32im/ilp32/libc.a(lib_a-stdio.o)
                              /opt/riscv64/bin/../lib/gcc/riscv64-unknown-elf/8.3.0/../../../../riscv64-unknown-elf/lib/rv32im/ilp32/libc.a(lib_a-findfp.o) (__sread)
/opt/riscv64/bin/../lib/gcc/riscv64-unknown-elf/8.3.0/../../../../riscv64-unknown-elf/lib/rv32im/ilp32/libc.a(lib_a-writer.o)
                              /opt/riscv64/bin/../lib/gcc/riscv64-unknown-elf/8.3.0/../../../../riscv64-unknown-elf/lib/rv32im/ilp32/libc.a(lib_a-stdio.o) (_write_r)
/opt/riscv64/bin/../lib/gcc/riscv64-unknown-elf/8.3.0/../../../../riscv64-unknown-elf/lib/rv32im/ilp32/libc.a(lib_a-wsetup.o)
                              /opt/riscv64/bin/../lib/gcc/riscv64-unknown-elf/8.3.0/../../../../riscv64-unknown-elf/lib/rv32im/ilp32/libc.a(lib_a-fvwrite.o) (__swsetup_r)
/opt/riscv64/bin/../lib/gcc/riscv64-unknown-elf/8.3.0/../../../../riscv64-unknown-elf/lib/rv32im/ilp32/libc.a(lib_a-closer.o)
                              /opt/riscv64/bin/../lib/gcc/riscv64-unknown-elf/8.3.0/../../../../riscv64-unknown-elf/lib/rv32im/ilp32/libc.a(lib_a-stdio.o) (_close_r)
/opt/riscv64/bin/../lib/gcc/riscv64-unknown-elf/8.3.0/../../../../riscv64-unknown-elf/lib/rv32im/ilp32/libc.a(lib_a-fclose.o)
                              /opt/riscv64/bin/../lib/gcc/riscv64-unknown-elf/8.3.0/../../../../riscv64-unknown-elf/lib/rv32im/ilp32/libc.a(lib_a-findfp.o) (_fclose_r)
/opt/riscv64/bin/../lib/gcc/riscv64-unknown-elf/8.3.0/../../../../riscv64-unknown-elf/lib/rv32im/ilp32/libc.a(lib_a-fflush.o)
                              /opt/riscv64/bin/../lib/gcc/riscv64-unknown-elf/8.3.0/../../../../riscv64-unknown-elf/lib/rv32im/ilp32/libc.a(lib_a-fclose.o) (__sflush_r)
/opt/riscv64/bin/../lib/gcc/riscv64-unknown-elf/8.3.0/../../../../riscv64-unknown-elf/lib/rv32im/ilp32/libc.a(lib_a-freer.o)
                              /opt/riscv64/bin/../lib/gcc/riscv64-unknown-elf/8.3.0/../../../../riscv64-unknown-elf/lib/rv32im/ilp32/libc.a(lib_a-fvwrite.o) (_free_r)
/opt/riscv64/bin/../lib/gcc/riscv64-unknown-elf/8.3.0/../../../../riscv64-unknown-elf/lib/rv32im/ilp32/libc.a(lib_a-lseekr.o)
                              /opt/riscv64/bin/../lib/gcc/riscv64-unknown-elf/8.3.0/../../../../riscv64-unknown-elf/lib/rv32im/ilp32/libc.a(lib_a-stdio.o) (_lseek_r)
/opt/riscv64/bin/../lib/gcc/riscv64-unknown-elf/8.3.0/../../../../riscv64-unknown-elf/lib/rv32im/ilp32/libc.a(lib_a-makebuf.o)
                              /opt/riscv64/bin/../lib/gcc/riscv64-unknown-elf/8.3.0/../../../../riscv64-unknown-elf/lib/rv32im/ilp32/libc.a(lib_a-wsetup.o) (__smakebuf_r)
/opt/riscv64/bin/../lib/gcc/riscv64-unknown-elf/8.3.0/../../../../riscv64-unknown-elf/lib/rv32im/ilp32/libc.a(lib_a-readr.o)
                              /opt/riscv64/bin/../lib/gcc/riscv64-unknown-elf/8.3.0/../../../../riscv64-unknown-elf/lib/rv32im/ilp32/libc.a(lib_a-stdio.o) (_read_r)
/opt/riscv64/bin/../lib/gcc/riscv64-unknown-elf/8.3.0/../../../../riscv64-unknown-elf/lib/rv32im/ilp32/libc.a(lib_a-reent.o)
                              /opt/riscv64/bin/../lib/gcc/riscv64-unknown-elf/8.3.0/../../../../riscv64-unknown-elf/lib/rv32im/ilp32/libc.a(lib_a-sbrkr.o) (errno)
/opt/riscv64/bin/../lib/gcc/riscv64-unknown-elf/8.3.0/../../../../riscv64-unknown-elf/lib/rv32im/ilp32/libc.a(lib_a-fstatr.o)
                              /opt/riscv64/bin/../lib/gcc/riscv64-unknown-elf/8.3.0/../../../../riscv64-unknown-elf/lib/rv32im/ilp32/libc.a(lib_a-makebuf.o) (_fstat_r)
/opt/riscv64/bin/../lib/gcc/riscv64-unknown-elf/8.3.0/../../../../riscv64-unknown-elf/lib/rv32im/ilp32/libc.a(lib_a-isattyr.o)
                              /opt/riscv64/bin/../lib/gcc/riscv64-unknown-elf/8.3.0/../../../../riscv64-unknown-elf/lib/rv32im/ilp32/libc.a(lib_a-makebuf.o) (_isatty_r)
/opt/riscv64/bin/../lib/gcc/riscv64-unknown-elf/8.3.0/../../../../riscv64-unknown-elf/lib/rv32im/ilp32/libnosys.a(close.o)
                              /opt/riscv64/bin/../lib/gcc/riscv64-unknown-elf/8.3.0/../../../../riscv64-unknown-elf/lib/rv32im/ilp32/libc.a(lib_a-closer.o) (_close)
/opt/riscv64/bin/../lib/gcc/riscv64-unknown-elf/8.3.0/../../../../riscv64-unknown-elf/lib/rv32im/ilp32/libnosys.a(fstat.o)
                              /opt/riscv64/bin/../lib/gcc/riscv64-unknown-elf/8.3.0/../../../../riscv64-unknown-elf/lib/rv32im/ilp32/libc.a(lib_a-fstatr.o) (_fstat)
/opt/riscv64/bin/../lib/gcc/riscv64-unknown-elf/8.3.0/../../../../riscv64-unknown-elf/lib/rv32im/ilp32/libnosys.a(isatty.o)
                              /opt/riscv64/bin/../lib/gcc/riscv64-unknown-elf/8.3.0/../../../../riscv64-unknown-elf/lib/rv32im/ilp32/libc.a(lib_a-isattyr.o) (_isatty)
/opt/riscv64/bin/../lib/gcc/riscv64-unknown-elf/8.3.0/../../../../riscv64-unknown-elf/lib/rv32im/ilp32/libnosys.a(lseek.o)
                              /opt/riscv64/bin/../lib/gcc/riscv64-unknown-elf/8.3.0/../../../../riscv64-unknown-elf/lib/rv32im/ilp32/libc.a(lib_a-lseekr.o) (_lseek)
/opt/riscv64/bin/../lib/gcc/riscv64-unknown-elf/8.3.0/../../../../riscv64-unknown-elf/lib/rv32im/ilp32/libnosys.a(read.o)
                              /opt/riscv64/bin/../lib/gcc/riscv64-unknown-elf/8.3.0/../../../../riscv64-unknown-elf/lib/rv32im/ilp32/libc.a(lib_a-readr.o) (_read)
/opt/riscv64/bin/../lib/gcc/riscv64-unknown-elf/8.3.0/../../../../riscv64-unknown-elf/lib/rv32im/ilp32/libnosys.a(sbrk.o)
                              /opt/riscv64/bin/../lib/gcc/riscv64-unknown-elf/8.3.0/../../../../riscv64-unknown-elf/lib/rv32im/ilp32/libc.a(lib_a-sbrkr.o) (_sbrk)

Allocating common symbols
Common symbol       size              file

errno               0x4               /opt/riscv64/bin/../lib/gcc/riscv64-unknown-elf/8.3.0/../../../../riscv64-unknown-elf/lib/rv32im/ilp32/libc.a(lib_a-reent.o)

Discarded input sections

 .group         0x0000000000000000        0xc ./src/gpio.o
 .group         0x0000000000000000        0xc ./src/gpio.o
 .group         0x0000000000000000        0xc ./src/gpio.o
 .group         0x0000000000000000        0xc ./src/gpio.o
 .group         0x0000000000000000        0xc ./src/gpio.o
 .group         0x0000000000000000        0xc ./src/gpio.o
 .group         0x0000000000000000        0xc ./src/gpio.o
 .group         0x0000000000000000        0xc ./src/gpio.o
 .group         0x0000000000000000        0xc ./src/init.o
 .debug_macro   0x0000000000000000      0x748 ./src/init.o
 .group         0x0000000000000000        0xc ./src/main.o
 .group         0x0000000000000000        0xc ./src/main.o
 .group         0x0000000000000000        0xc ./src/main.o
 .group         0x0000000000000000        0xc ./src/main.o
 .group         0x0000000000000000        0xc ./src/main.o
 .group         0x0000000000000000        0xc ./src/main.o
 .group         0x0000000000000000        0xc ./src/main.o
 .group         0x0000000000000000        0xc ./src/main.o
 .group         0x0000000000000000        0xc ./src/main.o
 .group         0x0000000000000000        0xc ./src/main.o
 .group         0x0000000000000000        0xc ./src/main.o
 .group         0x0000000000000000        0xc ./src/main.o
 .group         0x0000000000000000        0xc ./src/main.o
 .group         0x0000000000000000        0xc ./src/main.o
 .group         0x0000000000000000        0xc ./src/main.o
 .group         0x0000000000000000        0xc ./src/main.o
 .group         0x0000000000000000        0xc ./src/main.o
 .group         0x0000000000000000        0xc ./src/main.o
 .group         0x0000000000000000        0xc ./src/main.o
 .group         0x0000000000000000        0xc ./src/main.o
 .group         0x0000000000000000        0xc ./src/main.o
 .group         0x0000000000000000        0xc ./src/main.o
 .group         0x0000000000000000        0xc ./src/main.o
 .group         0x0000000000000000        0xc ./src/main.o
 .group         0x0000000000000000        0xc ./src/main.o
 .group         0x0000000000000000        0xc ./src/main.o
 .group         0x0000000000000000        0xc ./src/main.o
 .group         0x0000000000000000        0xc ./src/main.o
 .group         0x0000000000000000        0xc ./src/main.o
 .group         0x0000000000000000        0xc ./src/main.o
 .group         0x0000000000000000        0xc ./src/main.o
 .group         0x0000000000000000        0xc ./src/main.o
 .group         0x0000000000000000        0xc ./src/main.o
 .group         0x0000000000000000        0xc ./src/main.o
 .debug_macro   0x0000000000000000      0x748 ./src/main.o
 .debug_macro   0x0000000000000000       0x22 ./src/main.o
 .debug_macro   0x0000000000000000       0x6a ./src/main.o
 .debug_macro   0x0000000000000000      0x103 ./src/main.o
 .debug_macro   0x0000000000000000      0x1df ./src/main.o
 .group         0x0000000000000000        0xc ./src/timer.o
 .group         0x0000000000000000        0xc ./src/timer.o
 .group         0x0000000000000000        0xc ./src/timer.o
 .group         0x0000000000000000        0xc ./src/timer.o
 .group         0x0000000000000000        0xc ./src/timer.o
 .group         0x0000000000000000        0xc ./src/timer.o
 .group         0x0000000000000000        0xc ./src/timer.o
 .group         0x0000000000000000        0xc ./src/timer.o
 .group         0x0000000000000000        0xc ./src/timer.o
 .group         0x0000000000000000        0xc ./src/timer.o
 .group         0x0000000000000000        0xc ./src/timer.o
 .group         0x0000000000000000        0xc ./src/timer.o
 .group         0x0000000000000000        0xc ./src/timer.o
 .group         0x0000000000000000        0xc ./src/timer.o
 .group         0x0000000000000000        0xc ./src/timer.o
 .group         0x0000000000000000        0xc ./src/timer.o
 .group         0x0000000000000000        0xc ./src/timer.o
 .group         0x0000000000000000        0xc ./src/timer.o
 .group         0x0000000000000000        0xc ./src/timer.o
 .group         0x0000000000000000        0xc ./src/timer.o
 .group         0x0000000000000000        0xc ./src/timer.o
 .group         0x0000000000000000        0xc ./src/timer.o
 .group         0x0000000000000000        0xc ./src/timer.o
 .group         0x0000000000000000        0xc ./src/timer.o
 .group         0x0000000000000000        0xc ./src/timer.o
 .group         0x0000000000000000        0xc ./src/timer.o
 .group         0x0000000000000000        0xc ./src/timer.o
 .group         0x0000000000000000        0xc ./src/timer.o
 .group         0x0000000000000000        0xc ./src/timer.o
 .group         0x0000000000000000        0xc ./src/timer.o
 .group         0x0000000000000000        0xc ./src/timer.o
 .group         0x0000000000000000        0xc ./src/timer.o
 .group         0x0000000000000000        0xc ./src/timer.o
 .group         0x0000000000000000        0xc ./src/timer.o
 .debug_macro   0x0000000000000000      0x748 ./src/timer.o
 .debug_macro   0x0000000000000000       0x28 ./src/timer.o
 .debug_macro   0x0000000000000000       0x22 ./src/timer.o
 .debug_macro   0x0000000000000000       0x8e ./src/timer.o
 .debug_macro   0x0000000000000000       0x51 ./src/timer.o
 .debug_macro   0x0000000000000000      0x103 ./src/timer.o
 .debug_macro   0x0000000000000000       0x6a ./src/timer.o
 .debug_macro   0x0000000000000000      0x1df ./src/timer.o
 .debug_macro   0x0000000000000000       0x19 ./src/timer.o
 .debug_macro   0x0000000000000000       0x34 ./src/timer.o
 .debug_macro   0x0000000000000000       0x34 ./src/timer.o
 .debug_macro   0x0000000000000000       0x16 ./src/timer.o
 .debug_macro   0x0000000000000000       0x97 ./src/timer.o
 .debug_macro   0x0000000000000000      0x339 ./src/timer.o
 .debug_macro   0x0000000000000000       0xfd ./src/timer.o
 .debug_macro   0x0000000000000000       0x10 ./src/timer.o
 .debug_macro   0x0000000000000000       0x16 ./src/timer.o
 .debug_macro   0x0000000000000000       0x43 ./src/timer.o
 .debug_macro   0x0000000000000000       0x34 ./src/timer.o
 .debug_macro   0x0000000000000000       0x10 ./src/timer.o
 .debug_macro   0x0000000000000000       0x52 ./src/timer.o
 .debug_macro   0x0000000000000000      0x182 ./src/timer.o
 .debug_macro   0x0000000000000000       0x10 ./src/timer.o
 .debug_macro   0x0000000000000000       0x1c ./src/timer.o
 .debug_macro   0x0000000000000000       0x52 ./src/timer.o
 .debug_macro   0x0000000000000000       0x40 ./src/timer.o
 .debug_macro   0x0000000000000000       0x10 ./src/timer.o
 .debug_macro   0x0000000000000000       0x40 ./src/timer.o
 .debug_macro   0x0000000000000000       0xd5 ./src/timer.o
 .debug_macro   0x0000000000000000       0x1c ./src/timer.o
 .debug_macro   0x0000000000000000       0x3d ./src/timer.o
 .debug_macro   0x0000000000000000       0x16 ./src/timer.o
 .debug_macro   0x0000000000000000      0x16f ./src/timer.o
 .group         0x0000000000000000        0xc ./src/uart.o
 .group         0x0000000000000000        0xc ./src/uart.o
 .group         0x0000000000000000        0xc ./src/uart.o
 .group         0x0000000000000000        0xc ./src/uart.o
 .group         0x0000000000000000        0xc ./src/uart.o
 .group         0x0000000000000000        0xc ./src/uart.o
 .group         0x0000000000000000        0xc ./src/uart.o
 .group         0x0000000000000000        0xc ./src/uart.o
 .group         0x0000000000000000        0xc ./src/uart.o
 .group         0x0000000000000000        0xc ./src/uart.o
 .group         0x0000000000000000        0xc ./src/uart.o
 .group         0x0000000000000000        0xc ./src/uart.o
 .group         0x0000000000000000        0xc ./src/uart.o
 .group         0x0000000000000000        0xc ./src/uart.o
 .group         0x0000000000000000        0xc ./src/uart.o
 .group         0x0000000000000000        0xc ./src/uart.o
 .group         0x0000000000000000        0xc ./src/uart.o
 .group         0x0000000000000000        0xc ./src/uart.o
 .group         0x0000000000000000        0xc ./src/uart.o
 .group         0x0000000000000000        0xc ./src/uart.o
 .group         0x0000000000000000        0xc ./src/uart.o
 .group         0x0000000000000000        0xc ./src/uart.o
 .group         0x0000000000000000        0xc ./src/uart.o
 .group         0x0000000000000000        0xc ./src/uart.o
 .group         0x0000000000000000        0xc ./src/uart.o
 .group         0x0000000000000000        0xc ./src/uart.o
 .group         0x0000000000000000        0xc ./src/uart.o
 .group         0x0000000000000000        0xc ./src/uart.o
 .group         0x0000000000000000        0xc ./src/uart.o
 .group         0x0000000000000000        0xc ./src/uart.o
 .group         0x0000000000000000        0xc ./src/uart.o
 .group         0x0000000000000000        0xc ./src/uart.o
 .group         0x0000000000000000        0xc ./src/uart.o
 .group         0x0000000000000000        0xc ./src/uart.o
 .group         0x0000000000000000        0xc ./src/uart.o
 .group         0x0000000000000000        0xc ./src/uart.o
 .group         0x0000000000000000        0xc ./src/uart.o
 .debug_macro   0x0000000000000000      0x748 ./src/uart.o
 .debug_macro   0x0000000000000000       0x22 ./src/uart.o
 .debug_macro   0x0000000000000000       0x8e ./src/uart.o
 .debug_macro   0x0000000000000000       0x51 ./src/uart.o
 .debug_macro   0x0000000000000000      0x103 ./src/uart.o
 .debug_macro   0x0000000000000000       0x6a ./src/uart.o
 .debug_macro   0x0000000000000000      0x1df ./src/uart.o
 .debug_macro   0x0000000000000000       0x52 ./src/uart.o
 .debug_macro   0x0000000000000000       0x19 ./src/uart.o
 .debug_macro   0x0000000000000000       0x34 ./src/uart.o
 .debug_macro   0x0000000000000000       0x34 ./src/uart.o
 .debug_macro   0x0000000000000000       0x16 ./src/uart.o
 .debug_macro   0x0000000000000000       0x97 ./src/uart.o
 .debug_macro   0x0000000000000000      0x339 ./src/uart.o
 .debug_macro   0x0000000000000000       0xfd ./src/uart.o
 .debug_macro   0x0000000000000000       0x10 ./src/uart.o
 .debug_macro   0x0000000000000000       0x16 ./src/uart.o
 .debug_macro   0x0000000000000000       0x43 ./src/uart.o
 .debug_macro   0x0000000000000000       0x34 ./src/uart.o
 .debug_macro   0x0000000000000000       0x10 ./src/uart.o
 .debug_macro   0x0000000000000000       0x52 ./src/uart.o
 .debug_macro   0x0000000000000000      0x182 ./src/uart.o
 .debug_macro   0x0000000000000000       0x10 ./src/uart.o
 .debug_macro   0x0000000000000000       0x1c ./src/uart.o
 .debug_macro   0x0000000000000000       0x52 ./src/uart.o
 .debug_macro   0x0000000000000000       0x40 ./src/uart.o
 .debug_macro   0x0000000000000000       0x10 ./src/uart.o
 .debug_macro   0x0000000000000000       0x40 ./src/uart.o
 .debug_macro   0x0000000000000000       0xd5 ./src/uart.o
 .debug_macro   0x0000000000000000       0x1c ./src/uart.o
 .debug_macro   0x0000000000000000       0x3d ./src/uart.o
 .debug_macro   0x0000000000000000       0x16 ./src/uart.o
 .debug_macro   0x0000000000000000      0x16f ./src/uart.o
 .gnu.warning._close
                0x0000000000000000        0x0 /opt/riscv64/bin/../lib/gcc/riscv64-unknown-elf/8.3.0/../../../../riscv64-unknown-elf/lib/rv32im/ilp32/libnosys.a(close.o)
 .gnu.warning._fstat
                0x0000000000000000        0x0 /opt/riscv64/bin/../lib/gcc/riscv64-unknown-elf/8.3.0/../../../../riscv64-unknown-elf/lib/rv32im/ilp32/libnosys.a(fstat.o)
 .gnu.warning._isatty
                0x0000000000000000        0x0 /opt/riscv64/bin/../lib/gcc/riscv64-unknown-elf/8.3.0/../../../../riscv64-unknown-elf/lib/rv32im/ilp32/libnosys.a(isatty.o)
 .gnu.warning._lseek
                0x0000000000000000        0x0 /opt/riscv64/bin/../lib/gcc/riscv64-unknown-elf/8.3.0/../../../../riscv64-unknown-elf/lib/rv32im/ilp32/libnosys.a(lseek.o)
 .gnu.warning._read
                0x0000000000000000        0x0 /opt/riscv64/bin/../lib/gcc/riscv64-unknown-elf/8.3.0/../../../../riscv64-unknown-elf/lib/rv32im/ilp32/libnosys.a(read.o)

Memory Configuration

Name             Origin             Length             Attributes
RAM              0x0000000000000000 0x0000000000020000 xrw
*default*        0x0000000000000000 0xffffffffffffffff

Linker script and memory map

LOAD ./src/gpio.o
LOAD ./src/init.o
LOAD ./src/main.o
LOAD ./src/timer.o
LOAD ./src/uart.o
LOAD /opt/riscv64/bin/../lib/gcc/riscv64-unknown-elf/8.3.0/rv32im/ilp32/libgcc.a
START GROUP
LOAD /opt/riscv64/bin/../lib/gcc/riscv64-unknown-elf/8.3.0/../../../../riscv64-unknown-elf/lib/rv32im/ilp32/libc.a
END GROUP
LOAD /opt/riscv64/bin/../lib/gcc/riscv64-unknown-elf/8.3.0/rv32im/ilp32/libgcc.a
START GROUP
LOAD /opt/riscv64/bin/../lib/gcc/riscv64-unknown-elf/8.3.0/rv32im/ilp32/libgcc.a
LOAD /opt/riscv64/bin/../lib/gcc/riscv64-unknown-elf/8.3.0/../../../../riscv64-unknown-elf/lib/rv32im/ilp32/libc.a
LOAD /opt/riscv64/bin/../lib/gcc/riscv64-unknown-elf/8.3.0/../../../../riscv64-unknown-elf/lib/rv32im/ilp32/libnosys.a
END GROUP
START GROUP
LOAD /opt/riscv64/bin/../lib/gcc/riscv64-unknown-elf/8.3.0/../../../../riscv64-unknown-elf/lib/rv32im/ilp32/libc.a
LOAD /opt/riscv64/bin/../lib/gcc/riscv64-unknown-elf/8.3.0/../../../../riscv64-unknown-elf/lib/rv32im/ilp32/libgloss.a
LOAD /opt/riscv64/bin/../lib/gcc/riscv64-unknown-elf/8.3.0/rv32im/ilp32/libgcc.a
LOAD /opt/riscv64/bin/../lib/gcc/riscv64-unknown-elf/8.3.0/../../../../riscv64-unknown-elf/lib/rv32im/ilp32/libsupc++.a
END GROUP
                [!provide]                        PROVIDE (__executable_start = SEGMENT_START ("text-segment", 0x10000))
                0x0000000000010054                . = (SEGMENT_START ("text-segment", 0x10000) + SIZEOF_HEADERS)
                0x0000000000020000                PROVIDE (__stack_top = (ORIGIN (RAM) + LENGTH (RAM)))

.reset          0x0000000000000000       0x90
 *(.reset)
 .reset         0x0000000000000000       0x90 ./src/init.o
                0x0000000000000000                _reset

.interp
 *(.interp)

.note.gnu.build-id
 *(.note.gnu.build-id)

.hash
 *(.hash)

.gnu.hash
 *(.gnu.hash)

.dynsym
 *(.dynsym)

.dynstr
 *(.dynstr)

.gnu.version
 *(.gnu.version)

.gnu.version_d
 *(.gnu.version_d)

.gnu.version_r
 *(.gnu.version_r)

.rela.dyn       0x0000000000000090        0x0
 *(.rela.init)
 *(.rela.text .rela.text.* .rela.gnu.linkonce.t.*)
 .rela.text     0x0000000000000090        0x0 ./src/gpio.o
 *(.rela.fini)
 *(.rela.rodata .rela.rodata.* .rela.gnu.linkonce.r.*)
 *(.rela.data .rela.data.* .rela.gnu.linkonce.d.*)
 *(.rela.tdata .rela.tdata.* .rela.gnu.linkonce.td.*)
 *(.rela.tbss .rela.tbss.* .rela.gnu.linkonce.tb.*)
 *(.rela.ctors)
 *(.rela.dtors)
 *(.rela.got)
 *(.rela.sdata .rela.sdata.* .rela.gnu.linkonce.s.*)
 *(.rela.sbss .rela.sbss.* .rela.gnu.linkonce.sb.*)
 *(.rela.sdata2 .rela.sdata2.* .rela.gnu.linkonce.s2.*)
 *(.rela.sbss2 .rela.sbss2.* .rela.gnu.linkonce.sb2.*)
 *(.rela.bss .rela.bss.* .rela.gnu.linkonce.b.*)
                [!provide]                        PROVIDE (__rela_iplt_start = .)
 *(.rela.iplt)
                [!provide]                        PROVIDE (__rela_iplt_end = .)
 .rela.reset    0x0000000000000090        0x0 ./src/gpio.o

.rela.plt
 *(.rela.plt)

.init
 *(SORT_NONE(.init))

.plt
 *(.plt)

.iplt
 *(.iplt)

.text           0x0000000000000090     0x3020
 *(.text.unlikely .text.*_unlikely .text.unlikely.*)
 *(.text.exit .text.exit.*)
 *(.text.startup .text.startup.*)
 .text.startup  0x0000000000000090       0x28 ./src/main.o
                0x0000000000000090                main
 *(.text.hot .text.hot.*)
 *(SORT_BY_NAME(.text.sorted.*))
 *(.text .stub .text.* .gnu.linkonce.t.*)
 .text          0x00000000000000b8       0xd4 ./src/gpio.o
                0x00000000000000b8                gpio_mode
                0x00000000000000e8                gpio_write_pin
                0x0000000000000118                gpio_read_pin
                0x000000000000012c                gpio_reset
                0x000000000000013c                gpio_reset_DDR
                0x000000000000014c                gpio_reset_DOUT
                0x000000000000015c                gpio_set_ddr
                0x0000000000000168                gpio_set
                0x0000000000000174                gpio_read_all
                0x0000000000000180                gpio_check_pin_mode
 .text          0x000000000000018c        0x0 ./src/init.o
 .text          0x000000000000018c        0x0 ./src/main.o
 .text          0x000000000000018c       0x80 ./src/timer.o
                0x000000000000018c                timer_set_count
                0x0000000000000198                timer_set_prescaler
                0x00000000000001a8                timer_set_compare
                0x00000000000001b4                timer_start
                0x00000000000001c4                timer_stop
                0x00000000000001d0                timer_read_control
                0x00000000000001dc                timer_read_status
                0x00000000000001e8                timer_read_count_value
                0x00000000000001f4                timer_read_compare_value
                0x0000000000000200                timer_read_prescaler_value
 .text          0x000000000000020c       0xf4 ./src/uart.o
                0x000000000000020c                _write
                0x0000000000000258                uart_init
                0x0000000000000280                uart_putc
                0x000000000000029c                uart_haschar
                0x00000000000002ac                uart_getchar
                0x00000000000002d0                uart_puts
 .text          0x0000000000000300       0xe0 /opt/riscv64/bin/../lib/gcc/riscv64-unknown-elf/8.3.0/../../../../riscv64-unknown-elf/lib/rv32im/ilp32/libc.a(lib_a-puts.o)
                0x0000000000000300                _puts_r
                0x00000000000003d0                puts
 .text          0x00000000000003e0       0x8c /opt/riscv64/bin/../lib/gcc/riscv64-unknown-elf/8.3.0/../../../../riscv64-unknown-elf/lib/rv32im/ilp32/libc.a(lib_a-strlen.o)
                0x00000000000003e0                strlen
 .text          0x000000000000046c      0x36c /opt/riscv64/bin/../lib/gcc/riscv64-unknown-elf/8.3.0/../../../../riscv64-unknown-elf/lib/rv32im/ilp32/libc.a(lib_a-findfp.o)
                0x0000000000000474                _cleanup_r
                0x000000000000060c                __sfmoreglue
                0x0000000000000678                __sfp
                0x000000000000077c                _cleanup
                0x0000000000000790                __sinit
                0x00000000000007a0                __sfp_lock_acquire
                0x00000000000007a4                __sfp_lock_release
                0x00000000000007a8                __sinit_lock_acquire
                0x00000000000007ac                __sinit_lock_release
                0x00000000000007b0                __fp_lock_all
                0x00000000000007c4                __fp_unlock_all
 .text          0x00000000000007d8      0x4b0 /opt/riscv64/bin/../lib/gcc/riscv64-unknown-elf/8.3.0/../../../../riscv64-unknown-elf/lib/rv32im/ilp32/libc.a(lib_a-fvwrite.o)
                0x00000000000007d8                __sfvwrite_r
 .text          0x0000000000000c88      0x170 /opt/riscv64/bin/../lib/gcc/riscv64-unknown-elf/8.3.0/../../../../riscv64-unknown-elf/lib/rv32im/ilp32/libc.a(lib_a-fwalk.o)
                0x0000000000000c88                _fwalk
                0x0000000000000d38                _fwalk_reent
 .text          0x0000000000000df8        0x0 /opt/riscv64/bin/../lib/gcc/riscv64-unknown-elf/8.3.0/../../../../riscv64-unknown-elf/lib/rv32im/ilp32/libc.a(lib_a-impure.o)
 .text          0x0000000000000df8      0x7cc /opt/riscv64/bin/../lib/gcc/riscv64-unknown-elf/8.3.0/../../../../riscv64-unknown-elf/lib/rv32im/ilp32/libc.a(lib_a-mallocr.o)
                0x0000000000000df8                _malloc_r
 .text          0x00000000000015c4       0xdc /opt/riscv64/bin/../lib/gcc/riscv64-unknown-elf/8.3.0/../../../../riscv64-unknown-elf/lib/rv32im/ilp32/libc.a(lib_a-memchr.o)
                0x00000000000015c4                memchr
 .text          0x00000000000016a0      0x11c /opt/riscv64/bin/../lib/gcc/riscv64-unknown-elf/8.3.0/../../../../riscv64-unknown-elf/lib/rv32im/ilp32/libc.a(lib_a-memcpy.o)
                0x00000000000016a0                memcpy
 .text          0x00000000000017bc      0x120 /opt/riscv64/bin/../lib/gcc/riscv64-unknown-elf/8.3.0/../../../../riscv64-unknown-elf/lib/rv32im/ilp32/libc.a(lib_a-memmove-stub.o)
                0x00000000000017bc                memmove
 .text          0x00000000000018dc       0xdc /opt/riscv64/bin/../lib/gcc/riscv64-unknown-elf/8.3.0/../../../../riscv64-unknown-elf/lib/rv32im/ilp32/libc.a(lib_a-memset.o)
                0x00000000000018dc                memset
 .text          0x00000000000019b8        0x8 /opt/riscv64/bin/../lib/gcc/riscv64-unknown-elf/8.3.0/../../../../riscv64-unknown-elf/lib/rv32im/ilp32/libc.a(lib_a-mlock.o)
                0x00000000000019b8                __malloc_lock
                0x00000000000019bc                __malloc_unlock
 .text          0x00000000000019c0      0x5d0 /opt/riscv64/bin/../lib/gcc/riscv64-unknown-elf/8.3.0/../../../../riscv64-unknown-elf/lib/rv32im/ilp32/libc.a(lib_a-reallocr.o)
                0x00000000000019c0                _realloc_r
 .text          0x0000000000001f90       0x54 /opt/riscv64/bin/../lib/gcc/riscv64-unknown-elf/8.3.0/../../../../riscv64-unknown-elf/lib/rv32im/ilp32/libc.a(lib_a-sbrkr.o)
                0x0000000000001f90                _sbrk_r
 .text          0x0000000000001fe4      0x15c /opt/riscv64/bin/../lib/gcc/riscv64-unknown-elf/8.3.0/../../../../riscv64-unknown-elf/lib/rv32im/ilp32/libc.a(lib_a-stdio.o)
                0x0000000000001fe4                __sread
                0x0000000000002040                __seofread
                0x0000000000002048                __swrite
                0x00000000000020d0                __sseek
                0x0000000000002138                __sclose
 .text          0x0000000000002140       0x60 /opt/riscv64/bin/../lib/gcc/riscv64-unknown-elf/8.3.0/../../../../riscv64-unknown-elf/lib/rv32im/ilp32/libc.a(lib_a-writer.o)
                0x0000000000002140                _write_r
 .text          0x00000000000021a0      0x168 /opt/riscv64/bin/../lib/gcc/riscv64-unknown-elf/8.3.0/../../../../riscv64-unknown-elf/lib/rv32im/ilp32/libc.a(lib_a-wsetup.o)
                0x00000000000021a0                __swsetup_r
 .text          0x0000000000002308       0x54 /opt/riscv64/bin/../lib/gcc/riscv64-unknown-elf/8.3.0/../../../../riscv64-unknown-elf/lib/rv32im/ilp32/libc.a(lib_a-closer.o)
                0x0000000000002308                _close_r
 .text          0x000000000000235c      0x120 /opt/riscv64/bin/../lib/gcc/riscv64-unknown-elf/8.3.0/../../../../riscv64-unknown-elf/lib/rv32im/ilp32/libc.a(lib_a-fclose.o)
                0x000000000000235c                _fclose_r
                0x000000000000246c                fclose
 .text          0x000000000000247c      0x2e4 /opt/riscv64/bin/../lib/gcc/riscv64-unknown-elf/8.3.0/../../../../riscv64-unknown-elf/lib/rv32im/ilp32/libc.a(lib_a-fflush.o)
                0x000000000000247c                __sflush_r
                0x00000000000026d8                _fflush_r
                0x0000000000002738                fflush
 .text          0x0000000000002760      0x420 /opt/riscv64/bin/../lib/gcc/riscv64-unknown-elf/8.3.0/../../../../riscv64-unknown-elf/lib/rv32im/ilp32/libc.a(lib_a-freer.o)
                0x0000000000002760                _malloc_trim_r
                0x0000000000002888                _free_r
 .text          0x0000000000002b80       0x60 /opt/riscv64/bin/../lib/gcc/riscv64-unknown-elf/8.3.0/../../../../riscv64-unknown-elf/lib/rv32im/ilp32/libc.a(lib_a-lseekr.o)
                0x0000000000002b80                _lseek_r
 .text          0x0000000000002be0      0x1f0 /opt/riscv64/bin/../lib/gcc/riscv64-unknown-elf/8.3.0/../../../../riscv64-unknown-elf/lib/rv32im/ilp32/libc.a(lib_a-makebuf.o)
                0x0000000000002be0                __swhatbuf_r
                0x0000000000002cb0                __smakebuf_r
 .text          0x0000000000002dd0       0x60 /opt/riscv64/bin/../lib/gcc/riscv64-unknown-elf/8.3.0/../../../../riscv64-unknown-elf/lib/rv32im/ilp32/libc.a(lib_a-readr.o)
                0x0000000000002dd0                _read_r
 .text          0x0000000000002e30      0x150 /opt/riscv64/bin/../lib/gcc/riscv64-unknown-elf/8.3.0/../../../../riscv64-unknown-elf/lib/rv32im/ilp32/libc.a(lib_a-reent.o)
                0x0000000000002e30                cleanup_glue
                0x0000000000002e70                _reclaim_reent
 .text          0x0000000000002f80       0x5c /opt/riscv64/bin/../lib/gcc/riscv64-unknown-elf/8.3.0/../../../../riscv64-unknown-elf/lib/rv32im/ilp32/libc.a(lib_a-fstatr.o)
                0x0000000000002f80                _fstat_r
 .text          0x0000000000002fdc       0x54 /opt/riscv64/bin/../lib/gcc/riscv64-unknown-elf/8.3.0/../../../../riscv64-unknown-elf/lib/rv32im/ilp32/libc.a(lib_a-isattyr.o)
                0x0000000000002fdc                _isatty_r
 .text          0x0000000000003030       0x10 /opt/riscv64/bin/../lib/gcc/riscv64-unknown-elf/8.3.0/../../../../riscv64-unknown-elf/lib/rv32im/ilp32/libnosys.a(close.o)
                0x0000000000003030                _close
 .text          0x0000000000003040       0x10 /opt/riscv64/bin/../lib/gcc/riscv64-unknown-elf/8.3.0/../../../../riscv64-unknown-elf/lib/rv32im/ilp32/libnosys.a(fstat.o)
                0x0000000000003040                _fstat
 .text          0x0000000000003050       0x10 /opt/riscv64/bin/../lib/gcc/riscv64-unknown-elf/8.3.0/../../../../riscv64-unknown-elf/lib/rv32im/ilp32/libnosys.a(isatty.o)
                0x0000000000003050                _isatty
 .text          0x0000000000003060       0x10 /opt/riscv64/bin/../lib/gcc/riscv64-unknown-elf/8.3.0/../../../../riscv64-unknown-elf/lib/rv32im/ilp32/libnosys.a(lseek.o)
                0x0000000000003060                _lseek
 .text          0x0000000000003070       0x10 /opt/riscv64/bin/../lib/gcc/riscv64-unknown-elf/8.3.0/../../../../riscv64-unknown-elf/lib/rv32im/ilp32/libnosys.a(read.o)
                0x0000000000003070                _read
 .text          0x0000000000003080       0x30 /opt/riscv64/bin/../lib/gcc/riscv64-unknown-elf/8.3.0/../../../../riscv64-unknown-elf/lib/rv32im/ilp32/libnosys.a(sbrk.o)
                0x0000000000003080                _sbrk
 *(.gnu.warning)

.fini
 *(SORT_NONE(.fini))
                [!provide]                        PROVIDE (__etext = .)
                [!provide]                        PROVIDE (_etext = .)
                [!provide]                        PROVIDE (etext = .)

.rodata         0x00000000000030b0       0x10
 *(.rodata .rodata.* .gnu.linkonce.r.*)
 .rodata.str1.4
                0x00000000000030b0        0xc ./src/main.o
 .rodata.str1.4
                0x00000000000030bc        0x4 /opt/riscv64/bin/../lib/gcc/riscv64-unknown-elf/8.3.0/../../../../riscv64-unknown-elf/lib/rv32im/ilp32/libc.a(lib_a-puts.o)
                                          0x2 (size before relaxing)

.rodata1
 *(.rodata1)

.sdata2
 *(.sdata2 .sdata2.* .gnu.linkonce.s2.*)

.sbss2
 *(.sbss2 .sbss2.* .gnu.linkonce.sb2.*)

.eh_frame_hdr
 *(.eh_frame_hdr)
 *(.eh_frame_entry .eh_frame_entry.*)

.eh_frame
 *(.eh_frame)
 *(.eh_frame.*)

.gcc_except_table
 *(.gcc_except_table .gcc_except_table.*)

.gnu_extab
 *(.gnu_extab*)

.exception_ranges
 *(.exception_ranges*)
                0x00000000000040c0                . = DATA_SEGMENT_ALIGN (CONSTANT (MAXPAGESIZE), CONSTANT (COMMONPAGESIZE))

.eh_frame
 *(.eh_frame)
 *(.eh_frame.*)

.gnu_extab
 *(.gnu_extab)

.gcc_except_table
 *(.gcc_except_table .gcc_except_table.*)

.exception_ranges
 *(.exception_ranges*)

.tdata          0x00000000000040c0        0x0
                [!provide]                        PROVIDE (__tdata_start = .)
 *(.tdata .tdata.* .gnu.linkonce.td.*)

.tbss
 *(.tbss .tbss.* .gnu.linkonce.tb.*)
 *(.tcommon)

.preinit_array  0x00000000000040c0        0x0
                [!provide]                        PROVIDE (__preinit_array_start = .)
 *(.preinit_array)
                [!provide]                        PROVIDE (__preinit_array_end = .)

.init_array     0x00000000000040c0        0x0
                [!provide]                        PROVIDE (__init_array_start = .)
 *(SORT_BY_INIT_PRIORITY(.init_array.*) SORT_BY_INIT_PRIORITY(.ctors.*))
 *(.init_array EXCLUDE_FILE(*crtend?.o *crtend.o *crtbegin?.o *crtbegin.o) .ctors)
                [!provide]                        PROVIDE (__init_array_end = .)

.fini_array     0x00000000000040c0        0x0
                [!provide]                        PROVIDE (__fini_array_start = .)
 *(SORT_BY_INIT_PRIORITY(.fini_array.*) SORT_BY_INIT_PRIORITY(.dtors.*))
 *(.fini_array EXCLUDE_FILE(*crtend?.o *crtend.o *crtbegin?.o *crtbegin.o) .dtors)
                [!provide]                        PROVIDE (__fini_array_end = .)

.ctors
 *crtbegin.o(.ctors)
 *crtbegin?.o(.ctors)
 *(EXCLUDE_FILE(*crtend?.o *crtend.o) .ctors)
 *(SORT_BY_NAME(.ctors.*))
 *(.ctors)

.dtors
 *crtbegin.o(.dtors)
 *crtbegin?.o(.dtors)
 *(EXCLUDE_FILE(*crtend?.o *crtend.o) .dtors)
 *(SORT_BY_NAME(.dtors.*))
 *(.dtors)

.jcr
 *(.jcr)

.data.rel.ro
 *(.data.rel.ro.local* .gnu.linkonce.d.rel.ro.local.*)
 *(.data.rel.ro .data.rel.ro.* .gnu.linkonce.d.rel.ro.*)

.dynamic
 *(.dynamic)
                0x00000000000040c0                . = DATA_SEGMENT_RELRO_END (., 0x0)

.data           0x00000000000030c0      0x830
                0x00000000000030c0                __DATA_BEGIN__ = .
 *(.data .data.* .gnu.linkonce.d.*)
 .data          0x00000000000030c0        0x0 ./src/gpio.o
 .data          0x00000000000030c0        0x0 ./src/init.o
 .data          0x00000000000030c0        0x0 ./src/main.o
 .data          0x00000000000030c0        0x0 ./src/timer.o
 .data          0x00000000000030c0        0x0 ./src/uart.o
 .data          0x00000000000030c0        0x0 /opt/riscv64/bin/../lib/gcc/riscv64-unknown-elf/8.3.0/../../../../riscv64-unknown-elf/lib/rv32im/ilp32/libc.a(lib_a-puts.o)
 .data          0x00000000000030c0        0x0 /opt/riscv64/bin/../lib/gcc/riscv64-unknown-elf/8.3.0/../../../../riscv64-unknown-elf/lib/rv32im/ilp32/libc.a(lib_a-strlen.o)
 .data          0x00000000000030c0        0x0 /opt/riscv64/bin/../lib/gcc/riscv64-unknown-elf/8.3.0/../../../../riscv64-unknown-elf/lib/rv32im/ilp32/libc.a(lib_a-findfp.o)
 .data          0x00000000000030c0        0x0 /opt/riscv64/bin/../lib/gcc/riscv64-unknown-elf/8.3.0/../../../../riscv64-unknown-elf/lib/rv32im/ilp32/libc.a(lib_a-fvwrite.o)
 .data          0x00000000000030c0        0x0 /opt/riscv64/bin/../lib/gcc/riscv64-unknown-elf/8.3.0/../../../../riscv64-unknown-elf/lib/rv32im/ilp32/libc.a(lib_a-fwalk.o)
 .data          0x00000000000030c0      0x428 /opt/riscv64/bin/../lib/gcc/riscv64-unknown-elf/8.3.0/../../../../riscv64-unknown-elf/lib/rv32im/ilp32/libc.a(lib_a-impure.o)
 .data          0x00000000000034e8      0x408 /opt/riscv64/bin/../lib/gcc/riscv64-unknown-elf/8.3.0/../../../../riscv64-unknown-elf/lib/rv32im/ilp32/libc.a(lib_a-mallocr.o)
                0x00000000000034e8                __malloc_av_
 .data          0x00000000000038f0        0x0 /opt/riscv64/bin/../lib/gcc/riscv64-unknown-elf/8.3.0/../../../../riscv64-unknown-elf/lib/rv32im/ilp32/libc.a(lib_a-memchr.o)
 .data          0x00000000000038f0        0x0 /opt/riscv64/bin/../lib/gcc/riscv64-unknown-elf/8.3.0/../../../../riscv64-unknown-elf/lib/rv32im/ilp32/libc.a(lib_a-memcpy.o)
 .data          0x00000000000038f0        0x0 /opt/riscv64/bin/../lib/gcc/riscv64-unknown-elf/8.3.0/../../../../riscv64-unknown-elf/lib/rv32im/ilp32/libc.a(lib_a-memmove-stub.o)
 .data          0x00000000000038f0        0x0 /opt/riscv64/bin/../lib/gcc/riscv64-unknown-elf/8.3.0/../../../../riscv64-unknown-elf/lib/rv32im/ilp32/libc.a(lib_a-memset.o)
 .data          0x00000000000038f0        0x0 /opt/riscv64/bin/../lib/gcc/riscv64-unknown-elf/8.3.0/../../../../riscv64-unknown-elf/lib/rv32im/ilp32/libc.a(lib_a-mlock.o)
 .data          0x00000000000038f0        0x0 /opt/riscv64/bin/../lib/gcc/riscv64-unknown-elf/8.3.0/../../../../riscv64-unknown-elf/lib/rv32im/ilp32/libc.a(lib_a-reallocr.o)
 .data          0x00000000000038f0        0x0 /opt/riscv64/bin/../lib/gcc/riscv64-unknown-elf/8.3.0/../../../../riscv64-unknown-elf/lib/rv32im/ilp32/libc.a(lib_a-sbrkr.o)
 .data          0x00000000000038f0        0x0 /opt/riscv64/bin/../lib/gcc/riscv64-unknown-elf/8.3.0/../../../../riscv64-unknown-elf/lib/rv32im/ilp32/libc.a(lib_a-stdio.o)
 .data          0x00000000000038f0        0x0 /opt/riscv64/bin/../lib/gcc/riscv64-unknown-elf/8.3.0/../../../../riscv64-unknown-elf/lib/rv32im/ilp32/libc.a(lib_a-writer.o)
 .data          0x00000000000038f0        0x0 /opt/riscv64/bin/../lib/gcc/riscv64-unknown-elf/8.3.0/../../../../riscv64-unknown-elf/lib/rv32im/ilp32/libc.a(lib_a-wsetup.o)
 .data          0x00000000000038f0        0x0 /opt/riscv64/bin/../lib/gcc/riscv64-unknown-elf/8.3.0/../../../../riscv64-unknown-elf/lib/rv32im/ilp32/libc.a(lib_a-closer.o)
 .data          0x00000000000038f0        0x0 /opt/riscv64/bin/../lib/gcc/riscv64-unknown-elf/8.3.0/../../../../riscv64-unknown-elf/lib/rv32im/ilp32/libc.a(lib_a-fclose.o)
 .data          0x00000000000038f0        0x0 /opt/riscv64/bin/../lib/gcc/riscv64-unknown-elf/8.3.0/../../../../riscv64-unknown-elf/lib/rv32im/ilp32/libc.a(lib_a-fflush.o)
 .data          0x00000000000038f0        0x0 /opt/riscv64/bin/../lib/gcc/riscv64-unknown-elf/8.3.0/../../../../riscv64-unknown-elf/lib/rv32im/ilp32/libc.a(lib_a-freer.o)
 .data          0x00000000000038f0        0x0 /opt/riscv64/bin/../lib/gcc/riscv64-unknown-elf/8.3.0/../../../../riscv64-unknown-elf/lib/rv32im/ilp32/libc.a(lib_a-lseekr.o)
 .data          0x00000000000038f0        0x0 /opt/riscv64/bin/../lib/gcc/riscv64-unknown-elf/8.3.0/../../../../riscv64-unknown-elf/lib/rv32im/ilp32/libc.a(lib_a-makebuf.o)
 .data          0x00000000000038f0        0x0 /opt/riscv64/bin/../lib/gcc/riscv64-unknown-elf/8.3.0/../../../../riscv64-unknown-elf/lib/rv32im/ilp32/libc.a(lib_a-readr.o)
 .data          0x00000000000038f0        0x0 /opt/riscv64/bin/../lib/gcc/riscv64-unknown-elf/8.3.0/../../../../riscv64-unknown-elf/lib/rv32im/ilp32/libc.a(lib_a-reent.o)
 .data          0x00000000000038f0        0x0 /opt/riscv64/bin/../lib/gcc/riscv64-unknown-elf/8.3.0/../../../../riscv64-unknown-elf/lib/rv32im/ilp32/libc.a(lib_a-fstatr.o)
 .data          0x00000000000038f0        0x0 /opt/riscv64/bin/../lib/gcc/riscv64-unknown-elf/8.3.0/../../../../riscv64-unknown-elf/lib/rv32im/ilp32/libc.a(lib_a-isattyr.o)
 .data          0x00000000000038f0        0x0 /opt/riscv64/bin/../lib/gcc/riscv64-unknown-elf/8.3.0/../../../../riscv64-unknown-elf/lib/rv32im/ilp32/libnosys.a(close.o)
 .data          0x00000000000038f0        0x0 /opt/riscv64/bin/../lib/gcc/riscv64-unknown-elf/8.3.0/../../../../riscv64-unknown-elf/lib/rv32im/ilp32/libnosys.a(fstat.o)
 .data          0x00000000000038f0        0x0 /opt/riscv64/bin/../lib/gcc/riscv64-unknown-elf/8.3.0/../../../../riscv64-unknown-elf/lib/rv32im/ilp32/libnosys.a(isatty.o)
 .data          0x00000000000038f0        0x0 /opt/riscv64/bin/../lib/gcc/riscv64-unknown-elf/8.3.0/../../../../riscv64-unknown-elf/lib/rv32im/ilp32/libnosys.a(lseek.o)
 .data          0x00000000000038f0        0x0 /opt/riscv64/bin/../lib/gcc/riscv64-unknown-elf/8.3.0/../../../../riscv64-unknown-elf/lib/rv32im/ilp32/libnosys.a(read.o)
 .data          0x00000000000038f0        0x0 /opt/riscv64/bin/../lib/gcc/riscv64-unknown-elf/8.3.0/../../../../riscv64-unknown-elf/lib/rv32im/ilp32/libnosys.a(sbrk.o)

.data1
 *(.data1)

.got
 *(.got.plt)
 *(.igot.plt)
 *(.got)
 *(.igot)

.sdata          0x00000000000038f0       0x18
                0x00000000000038f0                __SDATA_BEGIN__ = .
 *(.srodata.cst16)
 *(.srodata.cst8)
 *(.srodata.cst4)
 *(.srodata.cst2)
 *(.srodata .srodata.*)
 .srodata       0x00000000000038f0        0x4 /opt/riscv64/bin/../lib/gcc/riscv64-unknown-elf/8.3.0/../../../../riscv64-unknown-elf/lib/rv32im/ilp32/libc.a(lib_a-impure.o)
                0x00000000000038f0                _global_impure_ptr
 *(.sdata .sdata.* .gnu.linkonce.s.*)
 .sdata         0x00000000000038f4        0x4 ./src/gpio.o
                0x00000000000038f4                gpio__base_addr
 .sdata         0x00000000000038f8        0x4 ./src/timer.o
                0x00000000000038f8                timer_base_addr
 .sdata         0x00000000000038fc        0x4 /opt/riscv64/bin/../lib/gcc/riscv64-unknown-elf/8.3.0/../../../../riscv64-unknown-elf/lib/rv32im/ilp32/libc.a(lib_a-impure.o)
                0x00000000000038fc                _impure_ptr
 .sdata         0x0000000000003900        0x8 /opt/riscv64/bin/../lib/gcc/riscv64-unknown-elf/8.3.0/../../../../riscv64-unknown-elf/lib/rv32im/ilp32/libc.a(lib_a-mallocr.o)
                0x0000000000003900                __malloc_sbrk_base
                0x0000000000003904                __malloc_trim_threshold
                0x0000000000003908                _edata = .
                [!provide]                        PROVIDE (edata = .)
                0x0000000000003908                . = .
                0x0000000000003908                __bss_start = .

.sbss           0x0000000000003908       0x14
 *(.dynsbss)
 *(.sbss .sbss.* .gnu.linkonce.sb.*)
 .sbss          0x0000000000003908        0x4 ./src/uart.o
 .sbss          0x000000000000390c        0xc /opt/riscv64/bin/../lib/gcc/riscv64-unknown-elf/8.3.0/../../../../riscv64-unknown-elf/lib/rv32im/ilp32/libc.a(lib_a-mallocr.o)
                0x000000000000390c                __malloc_max_total_mem
                0x0000000000003910                __malloc_max_sbrked_mem
                0x0000000000003914                __malloc_top_pad
 .sbss          0x0000000000003918        0x4 /opt/riscv64/bin/../lib/gcc/riscv64-unknown-elf/8.3.0/../../../../riscv64-unknown-elf/lib/rv32im/ilp32/libnosys.a(sbrk.o)
 *(.scommon)

.bss            0x000000000000391c       0x2c
 *(.dynbss)
 *(.bss .bss.* .gnu.linkonce.b.*)
 .bss           0x000000000000391c        0x0 ./src/gpio.o
 .bss           0x000000000000391c        0x0 ./src/init.o
 .bss           0x000000000000391c        0x0 ./src/main.o
 .bss           0x000000000000391c        0x0 ./src/timer.o
 .bss           0x000000000000391c        0x0 ./src/uart.o
 .bss           0x000000000000391c        0x0 /opt/riscv64/bin/../lib/gcc/riscv64-unknown-elf/8.3.0/../../../../riscv64-unknown-elf/lib/rv32im/ilp32/libc.a(lib_a-puts.o)
 .bss           0x000000000000391c        0x0 /opt/riscv64/bin/../lib/gcc/riscv64-unknown-elf/8.3.0/../../../../riscv64-unknown-elf/lib/rv32im/ilp32/libc.a(lib_a-strlen.o)
 .bss           0x000000000000391c        0x0 /opt/riscv64/bin/../lib/gcc/riscv64-unknown-elf/8.3.0/../../../../riscv64-unknown-elf/lib/rv32im/ilp32/libc.a(lib_a-findfp.o)
 .bss           0x000000000000391c        0x0 /opt/riscv64/bin/../lib/gcc/riscv64-unknown-elf/8.3.0/../../../../riscv64-unknown-elf/lib/rv32im/ilp32/libc.a(lib_a-fvwrite.o)
 .bss           0x000000000000391c        0x0 /opt/riscv64/bin/../lib/gcc/riscv64-unknown-elf/8.3.0/../../../../riscv64-unknown-elf/lib/rv32im/ilp32/libc.a(lib_a-fwalk.o)
 .bss           0x000000000000391c        0x0 /opt/riscv64/bin/../lib/gcc/riscv64-unknown-elf/8.3.0/../../../../riscv64-unknown-elf/lib/rv32im/ilp32/libc.a(lib_a-impure.o)
 .bss           0x000000000000391c       0x28 /opt/riscv64/bin/../lib/gcc/riscv64-unknown-elf/8.3.0/../../../../riscv64-unknown-elf/lib/rv32im/ilp32/libc.a(lib_a-mallocr.o)
                0x000000000000391c                __malloc_current_mallinfo
 .bss           0x0000000000003944        0x0 /opt/riscv64/bin/../lib/gcc/riscv64-unknown-elf/8.3.0/../../../../riscv64-unknown-elf/lib/rv32im/ilp32/libc.a(lib_a-memchr.o)
 .bss           0x0000000000003944        0x0 /opt/riscv64/bin/../lib/gcc/riscv64-unknown-elf/8.3.0/../../../../riscv64-unknown-elf/lib/rv32im/ilp32/libc.a(lib_a-memcpy.o)
 .bss           0x0000000000003944        0x0 /opt/riscv64/bin/../lib/gcc/riscv64-unknown-elf/8.3.0/../../../../riscv64-unknown-elf/lib/rv32im/ilp32/libc.a(lib_a-memmove-stub.o)
 .bss           0x0000000000003944        0x0 /opt/riscv64/bin/../lib/gcc/riscv64-unknown-elf/8.3.0/../../../../riscv64-unknown-elf/lib/rv32im/ilp32/libc.a(lib_a-memset.o)
 .bss           0x0000000000003944        0x0 /opt/riscv64/bin/../lib/gcc/riscv64-unknown-elf/8.3.0/../../../../riscv64-unknown-elf/lib/rv32im/ilp32/libc.a(lib_a-mlock.o)
 .bss           0x0000000000003944        0x0 /opt/riscv64/bin/../lib/gcc/riscv64-unknown-elf/8.3.0/../../../../riscv64-unknown-elf/lib/rv32im/ilp32/libc.a(lib_a-reallocr.o)
 .bss           0x0000000000003944        0x0 /opt/riscv64/bin/../lib/gcc/riscv64-unknown-elf/8.3.0/../../../../riscv64-unknown-elf/lib/rv32im/ilp32/libc.a(lib_a-sbrkr.o)
 .bss           0x0000000000003944        0x0 /opt/riscv64/bin/../lib/gcc/riscv64-unknown-elf/8.3.0/../../../../riscv64-unknown-elf/lib/rv32im/ilp32/libc.a(lib_a-stdio.o)
 .bss           0x0000000000003944        0x0 /opt/riscv64/bin/../lib/gcc/riscv64-unknown-elf/8.3.0/../../../../riscv64-unknown-elf/lib/rv32im/ilp32/libc.a(lib_a-writer.o)
 .bss           0x0000000000003944        0x0 /opt/riscv64/bin/../lib/gcc/riscv64-unknown-elf/8.3.0/../../../../riscv64-unknown-elf/lib/rv32im/ilp32/libc.a(lib_a-wsetup.o)
 .bss           0x0000000000003944        0x0 /opt/riscv64/bin/../lib/gcc/riscv64-unknown-elf/8.3.0/../../../../riscv64-unknown-elf/lib/rv32im/ilp32/libc.a(lib_a-closer.o)
 .bss           0x0000000000003944        0x0 /opt/riscv64/bin/../lib/gcc/riscv64-unknown-elf/8.3.0/../../../../riscv64-unknown-elf/lib/rv32im/ilp32/libc.a(lib_a-fclose.o)
 .bss           0x0000000000003944        0x0 /opt/riscv64/bin/../lib/gcc/riscv64-unknown-elf/8.3.0/../../../../riscv64-unknown-elf/lib/rv32im/ilp32/libc.a(lib_a-fflush.o)
 .bss           0x0000000000003944        0x0 /opt/riscv64/bin/../lib/gcc/riscv64-unknown-elf/8.3.0/../../../../riscv64-unknown-elf/lib/rv32im/ilp32/libc.a(lib_a-freer.o)
 .bss           0x0000000000003944        0x0 /opt/riscv64/bin/../lib/gcc/riscv64-unknown-elf/8.3.0/../../../../riscv64-unknown-elf/lib/rv32im/ilp32/libc.a(lib_a-lseekr.o)
 .bss           0x0000000000003944        0x0 /opt/riscv64/bin/../lib/gcc/riscv64-unknown-elf/8.3.0/../../../../riscv64-unknown-elf/lib/rv32im/ilp32/libc.a(lib_a-makebuf.o)
 .bss           0x0000000000003944        0x0 /opt/riscv64/bin/../lib/gcc/riscv64-unknown-elf/8.3.0/../../../../riscv64-unknown-elf/lib/rv32im/ilp32/libc.a(lib_a-readr.o)
 .bss           0x0000000000003944        0x0 /opt/riscv64/bin/../lib/gcc/riscv64-unknown-elf/8.3.0/../../../../riscv64-unknown-elf/lib/rv32im/ilp32/libc.a(lib_a-reent.o)
 .bss           0x0000000000003944        0x0 /opt/riscv64/bin/../lib/gcc/riscv64-unknown-elf/8.3.0/../../../../riscv64-unknown-elf/lib/rv32im/ilp32/libc.a(lib_a-fstatr.o)
 .bss           0x0000000000003944        0x0 /opt/riscv64/bin/../lib/gcc/riscv64-unknown-elf/8.3.0/../../../../riscv64-unknown-elf/lib/rv32im/ilp32/libc.a(lib_a-isattyr.o)
 .bss           0x0000000000003944        0x0 /opt/riscv64/bin/../lib/gcc/riscv64-unknown-elf/8.3.0/../../../../riscv64-unknown-elf/lib/rv32im/ilp32/libnosys.a(close.o)
 .bss           0x0000000000003944        0x0 /opt/riscv64/bin/../lib/gcc/riscv64-unknown-elf/8.3.0/../../../../riscv64-unknown-elf/lib/rv32im/ilp32/libnosys.a(fstat.o)
 .bss           0x0000000000003944        0x0 /opt/riscv64/bin/../lib/gcc/riscv64-unknown-elf/8.3.0/../../../../riscv64-unknown-elf/lib/rv32im/ilp32/libnosys.a(isatty.o)
 .bss           0x0000000000003944        0x0 /opt/riscv64/bin/../lib/gcc/riscv64-unknown-elf/8.3.0/../../../../riscv64-unknown-elf/lib/rv32im/ilp32/libnosys.a(lseek.o)
 .bss           0x0000000000003944        0x0 /opt/riscv64/bin/../lib/gcc/riscv64-unknown-elf/8.3.0/../../../../riscv64-unknown-elf/lib/rv32im/ilp32/libnosys.a(read.o)
 .bss           0x0000000000003944        0x0 /opt/riscv64/bin/../lib/gcc/riscv64-unknown-elf/8.3.0/../../../../riscv64-unknown-elf/lib/rv32im/ilp32/libnosys.a(sbrk.o)
 *(COMMON)
 COMMON         0x0000000000003944        0x4 /opt/riscv64/bin/../lib/gcc/riscv64-unknown-elf/8.3.0/../../../../riscv64-unknown-elf/lib/rv32im/ilp32/libc.a(lib_a-reent.o)
                0x0000000000003944                errno
                0x0000000000003948                . = ALIGN ((. != 0x0)?0x4:0x1)
                0x0000000000003948                . = ALIGN (0x4)
                0x0000000000003948                . = SEGMENT_START ("ldata-segment", .)
                0x0000000000003948                . = ALIGN (0x4)
                0x0000000000003948                __BSS_END__ = .
                0x00000000000038c0                __global_pointer$ = MIN ((__SDATA_BEGIN__ + 0x800), MAX ((__DATA_BEGIN__ + 0x800), (__BSS_END__ - 0x800)))
                0x0000000000003948                _end = .
                0x0000000000003948                PROVIDE (end = .)
                0x0000000000003948                . = DATA_SEGMENT_END (.)

.stab
 *(.stab)

.stabstr
 *(.stabstr)

.stab.excl
 *(.stab.excl)

.stab.exclstr
 *(.stab.exclstr)

.stab.index
 *(.stab.index)

.stab.indexstr
 *(.stab.indexstr)

.comment        0x0000000000000000       0x28
 *(.comment)
 .comment       0x0000000000000000       0x28 ./src/gpio.o
                                         0x29 (size before relaxing)
 .comment       0x0000000000000028       0x29 ./src/init.o
 .comment       0x0000000000000028       0x29 ./src/main.o
 .comment       0x0000000000000028       0x29 ./src/timer.o
 .comment       0x0000000000000028       0x29 ./src/uart.o
 .comment       0x0000000000000028       0x29 /opt/riscv64/bin/../lib/gcc/riscv64-unknown-elf/8.3.0/../../../../riscv64-unknown-elf/lib/rv32im/ilp32/libc.a(lib_a-puts.o)
 .comment       0x0000000000000028       0x29 /opt/riscv64/bin/../lib/gcc/riscv64-unknown-elf/8.3.0/../../../../riscv64-unknown-elf/lib/rv32im/ilp32/libc.a(lib_a-strlen.o)
 .comment       0x0000000000000028       0x29 /opt/riscv64/bin/../lib/gcc/riscv64-unknown-elf/8.3.0/../../../../riscv64-unknown-elf/lib/rv32im/ilp32/libc.a(lib_a-findfp.o)
 .comment       0x0000000000000028       0x29 /opt/riscv64/bin/../lib/gcc/riscv64-unknown-elf/8.3.0/../../../../riscv64-unknown-elf/lib/rv32im/ilp32/libc.a(lib_a-fvwrite.o)
 .comment       0x0000000000000028       0x29 /opt/riscv64/bin/../lib/gcc/riscv64-unknown-elf/8.3.0/../../../../riscv64-unknown-elf/lib/rv32im/ilp32/libc.a(lib_a-fwalk.o)
 .comment       0x0000000000000028       0x29 /opt/riscv64/bin/../lib/gcc/riscv64-unknown-elf/8.3.0/../../../../riscv64-unknown-elf/lib/rv32im/ilp32/libc.a(lib_a-impure.o)
 .comment       0x0000000000000028       0x29 /opt/riscv64/bin/../lib/gcc/riscv64-unknown-elf/8.3.0/../../../../riscv64-unknown-elf/lib/rv32im/ilp32/libc.a(lib_a-mallocr.o)
 .comment       0x0000000000000028       0x29 /opt/riscv64/bin/../lib/gcc/riscv64-unknown-elf/8.3.0/../../../../riscv64-unknown-elf/lib/rv32im/ilp32/libc.a(lib_a-memchr.o)
 .comment       0x0000000000000028       0x29 /opt/riscv64/bin/../lib/gcc/riscv64-unknown-elf/8.3.0/../../../../riscv64-unknown-elf/lib/rv32im/ilp32/libc.a(lib_a-memcpy.o)
 .comment       0x0000000000000028       0x29 /opt/riscv64/bin/../lib/gcc/riscv64-unknown-elf/8.3.0/../../../../riscv64-unknown-elf/lib/rv32im/ilp32/libc.a(lib_a-memmove-stub.o)
 .comment       0x0000000000000028       0x29 /opt/riscv64/bin/../lib/gcc/riscv64-unknown-elf/8.3.0/../../../../riscv64-unknown-elf/lib/rv32im/ilp32/libc.a(lib_a-mlock.o)
 .comment       0x0000000000000028       0x29 /opt/riscv64/bin/../lib/gcc/riscv64-unknown-elf/8.3.0/../../../../riscv64-unknown-elf/lib/rv32im/ilp32/libc.a(lib_a-reallocr.o)
 .comment       0x0000000000000028       0x29 /opt/riscv64/bin/../lib/gcc/riscv64-unknown-elf/8.3.0/../../../../riscv64-unknown-elf/lib/rv32im/ilp32/libc.a(lib_a-sbrkr.o)
 .comment       0x0000000000000028       0x29 /opt/riscv64/bin/../lib/gcc/riscv64-unknown-elf/8.3.0/../../../../riscv64-unknown-elf/lib/rv32im/ilp32/libc.a(lib_a-stdio.o)
 .comment       0x0000000000000028       0x29 /opt/riscv64/bin/../lib/gcc/riscv64-unknown-elf/8.3.0/../../../../riscv64-unknown-elf/lib/rv32im/ilp32/libc.a(lib_a-writer.o)
 .comment       0x0000000000000028       0x29 /opt/riscv64/bin/../lib/gcc/riscv64-unknown-elf/8.3.0/../../../../riscv64-unknown-elf/lib/rv32im/ilp32/libc.a(lib_a-wsetup.o)
 .comment       0x0000000000000028       0x29 /opt/riscv64/bin/../lib/gcc/riscv64-unknown-elf/8.3.0/../../../../riscv64-unknown-elf/lib/rv32im/ilp32/libc.a(lib_a-closer.o)
 .comment       0x0000000000000028       0x29 /opt/riscv64/bin/../lib/gcc/riscv64-unknown-elf/8.3.0/../../../../riscv64-unknown-elf/lib/rv32im/ilp32/libc.a(lib_a-fclose.o)
 .comment       0x0000000000000028       0x29 /opt/riscv64/bin/../lib/gcc/riscv64-unknown-elf/8.3.0/../../../../riscv64-unknown-elf/lib/rv32im/ilp32/libc.a(lib_a-fflush.o)
 .comment       0x0000000000000028       0x29 /opt/riscv64/bin/../lib/gcc/riscv64-unknown-elf/8.3.0/../../../../riscv64-unknown-elf/lib/rv32im/ilp32/libc.a(lib_a-freer.o)
 .comment       0x0000000000000028       0x29 /opt/riscv64/bin/../lib/gcc/riscv64-unknown-elf/8.3.0/../../../../riscv64-unknown-elf/lib/rv32im/ilp32/libc.a(lib_a-lseekr.o)
 .comment       0x0000000000000028       0x29 /opt/riscv64/bin/../lib/gcc/riscv64-unknown-elf/8.3.0/../../../../riscv64-unknown-elf/lib/rv32im/ilp32/libc.a(lib_a-makebuf.o)
 .comment       0x0000000000000028       0x29 /opt/riscv64/bin/../lib/gcc/riscv64-unknown-elf/8.3.0/../../../../riscv64-unknown-elf/lib/rv32im/ilp32/libc.a(lib_a-readr.o)
 .comment       0x0000000000000028       0x29 /opt/riscv64/bin/../lib/gcc/riscv64-unknown-elf/8.3.0/../../../../riscv64-unknown-elf/lib/rv32im/ilp32/libc.a(lib_a-reent.o)
 .comment       0x0000000000000028       0x29 /opt/riscv64/bin/../lib/gcc/riscv64-unknown-elf/8.3.0/../../../../riscv64-unknown-elf/lib/rv32im/ilp32/libc.a(lib_a-fstatr.o)
 .comment       0x0000000000000028       0x29 /opt/riscv64/bin/../lib/gcc/riscv64-unknown-elf/8.3.0/../../../../riscv64-unknown-elf/lib/rv32im/ilp32/libc.a(lib_a-isattyr.o)
 .comment       0x0000000000000028       0x29 /opt/riscv64/bin/../lib/gcc/riscv64-unknown-elf/8.3.0/../../../../riscv64-unknown-elf/lib/rv32im/ilp32/libnosys.a(close.o)
 .comment       0x0000000000000028       0x29 /opt/riscv64/bin/../lib/gcc/riscv64-unknown-elf/8.3.0/../../../../riscv64-unknown-elf/lib/rv32im/ilp32/libnosys.a(fstat.o)
 .comment       0x0000000000000028       0x29 /opt/riscv64/bin/../lib/gcc/riscv64-unknown-elf/8.3.0/../../../../riscv64-unknown-elf/lib/rv32im/ilp32/libnosys.a(isatty.o)
 .comment       0x0000000000000028       0x29 /opt/riscv64/bin/../lib/gcc/riscv64-unknown-elf/8.3.0/../../../../riscv64-unknown-elf/lib/rv32im/ilp32/libnosys.a(lseek.o)
 .comment       0x0000000000000028       0x29 /opt/riscv64/bin/../lib/gcc/riscv64-unknown-elf/8.3.0/../../../../riscv64-unknown-elf/lib/rv32im/ilp32/libnosys.a(read.o)
 .comment       0x0000000000000028       0x29 /opt/riscv64/bin/../lib/gcc/riscv64-unknown-elf/8.3.0/../../../../riscv64-unknown-elf/lib/rv32im/ilp32/libnosys.a(sbrk.o)

.riscv.attributes
                0x0000000000000000       0x21
 .riscv.attributes
                0x0000000000000000       0x21 ./src/gpio.o
 .riscv.attributes
                0x0000000000000021       0x21 ./src/init.o
 .riscv.attributes
                0x0000000000000042       0x21 ./src/main.o
 .riscv.attributes
                0x0000000000000063       0x21 ./src/timer.o
 .riscv.attributes
                0x0000000000000084       0x21 ./src/uart.o
 .riscv.attributes
                0x00000000000000a5       0x21 /opt/riscv64/bin/../lib/gcc/riscv64-unknown-elf/8.3.0/../../../../riscv64-unknown-elf/lib/rv32im/ilp32/libc.a(lib_a-puts.o)
 .riscv.attributes
                0x00000000000000c6       0x21 /opt/riscv64/bin/../lib/gcc/riscv64-unknown-elf/8.3.0/../../../../riscv64-unknown-elf/lib/rv32im/ilp32/libc.a(lib_a-strlen.o)
 .riscv.attributes
                0x00000000000000e7       0x21 /opt/riscv64/bin/../lib/gcc/riscv64-unknown-elf/8.3.0/../../../../riscv64-unknown-elf/lib/rv32im/ilp32/libc.a(lib_a-findfp.o)
 .riscv.attributes
                0x0000000000000108       0x21 /opt/riscv64/bin/../lib/gcc/riscv64-unknown-elf/8.3.0/../../../../riscv64-unknown-elf/lib/rv32im/ilp32/libc.a(lib_a-fvwrite.o)
 .riscv.attributes
                0x0000000000000129       0x21 /opt/riscv64/bin/../lib/gcc/riscv64-unknown-elf/8.3.0/../../../../riscv64-unknown-elf/lib/rv32im/ilp32/libc.a(lib_a-fwalk.o)
 .riscv.attributes
                0x000000000000014a       0x21 /opt/riscv64/bin/../lib/gcc/riscv64-unknown-elf/8.3.0/../../../../riscv64-unknown-elf/lib/rv32im/ilp32/libc.a(lib_a-impure.o)
 .riscv.attributes
                0x000000000000016b       0x21 /opt/riscv64/bin/../lib/gcc/riscv64-unknown-elf/8.3.0/../../../../riscv64-unknown-elf/lib/rv32im/ilp32/libc.a(lib_a-mallocr.o)
 .riscv.attributes
                0x000000000000018c       0x21 /opt/riscv64/bin/../lib/gcc/riscv64-unknown-elf/8.3.0/../../../../riscv64-unknown-elf/lib/rv32im/ilp32/libc.a(lib_a-memchr.o)
 .riscv.attributes
                0x00000000000001ad       0x21 /opt/riscv64/bin/../lib/gcc/riscv64-unknown-elf/8.3.0/../../../../riscv64-unknown-elf/lib/rv32im/ilp32/libc.a(lib_a-memcpy.o)
 .riscv.attributes
                0x00000000000001ce       0x21 /opt/riscv64/bin/../lib/gcc/riscv64-unknown-elf/8.3.0/../../../../riscv64-unknown-elf/lib/rv32im/ilp32/libc.a(lib_a-memmove-stub.o)
 .riscv.attributes
                0x00000000000001ef       0x1f /opt/riscv64/bin/../lib/gcc/riscv64-unknown-elf/8.3.0/../../../../riscv64-unknown-elf/lib/rv32im/ilp32/libc.a(lib_a-memset.o)
 .riscv.attributes
                0x000000000000020e       0x21 /opt/riscv64/bin/../lib/gcc/riscv64-unknown-elf/8.3.0/../../../../riscv64-unknown-elf/lib/rv32im/ilp32/libc.a(lib_a-mlock.o)
 .riscv.attributes
                0x000000000000022f       0x21 /opt/riscv64/bin/../lib/gcc/riscv64-unknown-elf/8.3.0/../../../../riscv64-unknown-elf/lib/rv32im/ilp32/libc.a(lib_a-reallocr.o)
 .riscv.attributes
                0x0000000000000250       0x21 /opt/riscv64/bin/../lib/gcc/riscv64-unknown-elf/8.3.0/../../../../riscv64-unknown-elf/lib/rv32im/ilp32/libc.a(lib_a-sbrkr.o)
 .riscv.attributes
                0x0000000000000271       0x21 /opt/riscv64/bin/../lib/gcc/riscv64-unknown-elf/8.3.0/../../../../riscv64-unknown-elf/lib/rv32im/ilp32/libc.a(lib_a-stdio.o)
 .riscv.attributes
                0x0000000000000292       0x21 /opt/riscv64/bin/../lib/gcc/riscv64-unknown-elf/8.3.0/../../../../riscv64-unknown-elf/lib/rv32im/ilp32/libc.a(lib_a-writer.o)
 .riscv.attributes
                0x00000000000002b3       0x21 /opt/riscv64/bin/../lib/gcc/riscv64-unknown-elf/8.3.0/../../../../riscv64-unknown-elf/lib/rv32im/ilp32/libc.a(lib_a-wsetup.o)
 .riscv.attributes
                0x00000000000002d4       0x21 /opt/riscv64/bin/../lib/gcc/riscv64-unknown-elf/8.3.0/../../../../riscv64-unknown-elf/lib/rv32im/ilp32/libc.a(lib_a-closer.o)
 .riscv.attributes
                0x00000000000002f5       0x21 /opt/riscv64/bin/../lib/gcc/riscv64-unknown-elf/8.3.0/../../../../riscv64-unknown-elf/lib/rv32im/ilp32/libc.a(lib_a-fclose.o)
 .riscv.attributes
                0x0000000000000316       0x21 /opt/riscv64/bin/../lib/gcc/riscv64-unknown-elf/8.3.0/../../../../riscv64-unknown-elf/lib/rv32im/ilp32/libc.a(lib_a-fflush.o)
 .riscv.attributes
                0x0000000000000337       0x21 /opt/riscv64/bin/../lib/gcc/riscv64-unknown-elf/8.3.0/../../../../riscv64-unknown-elf/lib/rv32im/ilp32/libc.a(lib_a-freer.o)
 .riscv.attributes
                0x0000000000000358       0x21 /opt/riscv64/bin/../lib/gcc/riscv64-unknown-elf/8.3.0/../../../../riscv64-unknown-elf/lib/rv32im/ilp32/libc.a(lib_a-lseekr.o)
 .riscv.attributes
                0x0000000000000379       0x21 /opt/riscv64/bin/../lib/gcc/riscv64-unknown-elf/8.3.0/../../../../riscv64-unknown-elf/lib/rv32im/ilp32/libc.a(lib_a-makebuf.o)
 .riscv.attributes
                0x000000000000039a       0x21 /opt/riscv64/bin/../lib/gcc/riscv64-unknown-elf/8.3.0/../../../../riscv64-unknown-elf/lib/rv32im/ilp32/libc.a(lib_a-readr.o)
 .riscv.attributes
                0x00000000000003bb       0x21 /opt/riscv64/bin/../lib/gcc/riscv64-unknown-elf/8.3.0/../../../../riscv64-unknown-elf/lib/rv32im/ilp32/libc.a(lib_a-reent.o)
 .riscv.attributes
                0x00000000000003dc       0x21 /opt/riscv64/bin/../lib/gcc/riscv64-unknown-elf/8.3.0/../../../../riscv64-unknown-elf/lib/rv32im/ilp32/libc.a(lib_a-fstatr.o)
 .riscv.attributes
                0x00000000000003fd       0x21 /opt/riscv64/bin/../lib/gcc/riscv64-unknown-elf/8.3.0/../../../../riscv64-unknown-elf/lib/rv32im/ilp32/libc.a(lib_a-isattyr.o)
 .riscv.attributes
                0x000000000000041e       0x21 /opt/riscv64/bin/../lib/gcc/riscv64-unknown-elf/8.3.0/../../../../riscv64-unknown-elf/lib/rv32im/ilp32/libnosys.a(close.o)
 .riscv.attributes
                0x000000000000043f       0x21 /opt/riscv64/bin/../lib/gcc/riscv64-unknown-elf/8.3.0/../../../../riscv64-unknown-elf/lib/rv32im/ilp32/libnosys.a(fstat.o)
 .riscv.attributes
                0x0000000000000460       0x21 /opt/riscv64/bin/../lib/gcc/riscv64-unknown-elf/8.3.0/../../../../riscv64-unknown-elf/lib/rv32im/ilp32/libnosys.a(isatty.o)
 .riscv.attributes
                0x0000000000000481       0x21 /opt/riscv64/bin/../lib/gcc/riscv64-unknown-elf/8.3.0/../../../../riscv64-unknown-elf/lib/rv32im/ilp32/libnosys.a(lseek.o)
 .riscv.attributes
                0x00000000000004a2       0x21 /opt/riscv64/bin/../lib/gcc/riscv64-unknown-elf/8.3.0/../../../../riscv64-unknown-elf/lib/rv32im/ilp32/libnosys.a(read.o)
 .riscv.attributes
                0x00000000000004c3       0x21 /opt/riscv64/bin/../lib/gcc/riscv64-unknown-elf/8.3.0/../../../../riscv64-unknown-elf/lib/rv32im/ilp32/libnosys.a(sbrk.o)

.gnu.build.attributes
 *(.gnu.build.attributes .gnu.build.attributes.*)

.debug
 *(.debug)

.line
 *(.line)

.debug_srcinfo
 *(.debug_srcinfo)

.debug_sfnames
 *(.debug_sfnames)

.debug_aranges  0x0000000000000000       0xa0
 *(.debug_aranges)
 .debug_aranges
                0x0000000000000000       0x20 ./src/gpio.o
 .debug_aranges
                0x0000000000000020       0x20 ./src/init.o
 .debug_aranges
                0x0000000000000040       0x20 ./src/main.o
 .debug_aranges
                0x0000000000000060       0x20 ./src/timer.o
 .debug_aranges
                0x0000000000000080       0x20 ./src/uart.o

.debug_pubnames
 *(.debug_pubnames)

.debug_info     0x0000000000000000     0x2181
 *(.debug_info .gnu.linkonce.wi.*)
 .debug_info    0x0000000000000000      0x220 ./src/gpio.o
 .debug_info    0x0000000000000220       0x3c ./src/init.o
 .debug_info    0x000000000000025c      0x975 ./src/main.o
 .debug_info    0x0000000000000bd1      0xa4e ./src/timer.o
 .debug_info    0x000000000000161f      0xb62 ./src/uart.o

.debug_abbrev   0x0000000000000000      0x8a3
 *(.debug_abbrev)
 .debug_abbrev  0x0000000000000000      0x11a ./src/gpio.o
 .debug_abbrev  0x000000000000011a       0x2f ./src/init.o
 .debug_abbrev  0x0000000000000149      0x20b ./src/main.o
 .debug_abbrev  0x0000000000000354      0x249 ./src/timer.o
 .debug_abbrev  0x000000000000059d      0x306 ./src/uart.o

.debug_line     0x0000000000000000     0x1299
 *(.debug_line .debug_line.* .debug_line_end)
 .debug_line    0x0000000000000000      0x3e1 ./src/gpio.o
 .debug_line    0x00000000000003e1      0x110 ./src/init.o
 .debug_line    0x00000000000004f1      0x362 ./src/main.o
 .debug_line    0x0000000000000853      0x46a ./src/timer.o
 .debug_line    0x0000000000000cbd      0x5dc ./src/uart.o

.debug_frame    0x0000000000000000      0x218
 *(.debug_frame)
 .debug_frame   0x0000000000000000       0xb0 ./src/gpio.o
 .debug_frame   0x00000000000000b0       0x20 ./src/init.o
 .debug_frame   0x00000000000000d0       0x28 ./src/main.o
 .debug_frame   0x00000000000000f8       0xb0 ./src/timer.o
 .debug_frame   0x00000000000001a8       0x70 ./src/uart.o

.debug_str      0x0000000000000000     0x86ee
 *(.debug_str)
 .debug_str     0x0000000000000000     0x3343 ./src/gpio.o
                                       0x34bf (size before relaxing)
 .debug_str     0x0000000000003343       0x1a ./src/init.o
                                       0x2497 (size before relaxing)
 .debug_str     0x000000000000335d     0x3fc1 ./src/main.o
                                       0x7414 (size before relaxing)
 .debug_str     0x000000000000731e       0xec ./src/timer.o
                                       0x74d4 (size before relaxing)
 .debug_str     0x000000000000740a     0x12e4 ./src/uart.o
                                       0x8695 (size before relaxing)

.debug_loc      0x0000000000000000      0x1fd
 *(.debug_loc)
 .debug_loc     0x0000000000000000       0x63 ./src/gpio.o
 .debug_loc     0x0000000000000063       0x20 ./src/timer.o
 .debug_loc     0x0000000000000083      0x17a ./src/uart.o

.debug_macinfo
 *(.debug_macinfo)

.debug_weaknames
 *(.debug_weaknames)

.debug_funcnames
 *(.debug_funcnames)

.debug_typenames
 *(.debug_typenames)

.debug_varnames
 *(.debug_varnames)

.debug_pubtypes
 *(.debug_pubtypes)

.debug_ranges   0x0000000000000000       0x50
 *(.debug_ranges)
 .debug_ranges  0x0000000000000000       0x10 ./src/init.o
 .debug_ranges  0x0000000000000010       0x10 ./src/main.o
 .debug_ranges  0x0000000000000020       0x30 ./src/uart.o

.debug_macro    0x0000000000000000     0x2552
 *(.debug_macro)
 .debug_macro   0x0000000000000000       0x76 ./src/gpio.o
 .debug_macro   0x0000000000000076      0x748 ./src/gpio.o
 .debug_macro   0x00000000000007be       0x22 ./src/gpio.o
 .debug_macro   0x00000000000007e0       0x8e ./src/gpio.o
 .debug_macro   0x000000000000086e       0x51 ./src/gpio.o
 .debug_macro   0x00000000000008bf      0x103 ./src/gpio.o
 .debug_macro   0x00000000000009c2       0x6a ./src/gpio.o
 .debug_macro   0x0000000000000a2c      0x1df ./src/gpio.o
 .debug_macro   0x0000000000000c0b       0x22 ./src/gpio.o
 .debug_macro   0x0000000000000c2d       0x17 ./src/init.o
 .debug_macro   0x0000000000000c44      0x1cf ./src/main.o
 .debug_macro   0x0000000000000e13       0x4c ./src/main.o
 .debug_macro   0x0000000000000e5f       0x19 ./src/main.o
 .debug_macro   0x0000000000000e78       0x94 ./src/main.o
 .debug_macro   0x0000000000000f0c       0x34 ./src/main.o
 .debug_macro   0x0000000000000f40       0x34 ./src/main.o
 .debug_macro   0x0000000000000f74       0x16 ./src/main.o
 .debug_macro   0x0000000000000f8a       0x57 ./src/main.o
 .debug_macro   0x0000000000000fe1       0x97 ./src/main.o
 .debug_macro   0x0000000000001078      0x339 ./src/main.o
 .debug_macro   0x00000000000013b1       0xfd ./src/main.o
 .debug_macro   0x00000000000014ae       0x10 ./src/main.o
 .debug_macro   0x00000000000014be       0x16 ./src/main.o
 .debug_macro   0x00000000000014d4       0x43 ./src/main.o
 .debug_macro   0x0000000000001517       0x34 ./src/main.o
 .debug_macro   0x000000000000154b       0x10 ./src/main.o
 .debug_macro   0x000000000000155b       0x52 ./src/main.o
 .debug_macro   0x00000000000015ad      0x182 ./src/main.o
 .debug_macro   0x000000000000172f       0x10 ./src/main.o
 .debug_macro   0x000000000000173f       0x1c ./src/main.o
 .debug_macro   0x000000000000175b       0x52 ./src/main.o
 .debug_macro   0x00000000000017ad       0x40 ./src/main.o
 .debug_macro   0x00000000000017ed       0x10 ./src/main.o
 .debug_macro   0x00000000000017fd       0x40 ./src/main.o
 .debug_macro   0x000000000000183d       0xd5 ./src/main.o
 .debug_macro   0x0000000000001912       0x1c ./src/main.o
 .debug_macro   0x000000000000192e       0x3d ./src/main.o
 .debug_macro   0x000000000000196b       0x16 ./src/main.o
 .debug_macro   0x0000000000001981      0x16f ./src/main.o
 .debug_macro   0x0000000000001af0       0x28 ./src/main.o
 .debug_macro   0x0000000000001b18      0x1c1 ./src/timer.o
 .debug_macro   0x0000000000001cd9       0x52 ./src/timer.o
 .debug_macro   0x0000000000001d2b      0x1ec ./src/uart.o
 .debug_macro   0x0000000000001f17       0xd6 ./src/uart.o
 .debug_macro   0x0000000000001fed       0x16 ./src/uart.o
 .debug_macro   0x0000000000002003       0x35 ./src/uart.o
 .debug_macro   0x0000000000002038      0x51a ./src/uart.o

.debug_addr
 *(.debug_addr)

.gnu.attributes
 *(.gnu.attributes)

/DISCARD/
 *(.note.GNU-stack)
 *(.gnu_debuglink)
 *(.gnu.lto_*)
OUTPUT(sw.elf elf32-littleriscv)
