15:07:21 **** Build of configuration Debug for project ntiny_application ****
make all 
Building file: ../src/car_main.c
Invoking: GNU RISC-V Cross C Compiler
riscv64-unknown-elf-gcc -march=rv32im -mabi=ilp32 -msmall-data-limit=8 -mno-save-restore -Os -fmessage-length=0 -fsigned-char -ffunction-sections -fdata-sections -fno-common  -g3 -I"/home/shaheer/Desktop/ntiny_ide/ntiny_application/bsp/inc" -I"/home/shaheer/Desktop/ntiny_ide/ntiny_application/lib/FFT/src" -I"/home/shaheer/Desktop/ntiny_ide/ntiny_application/lib/AES/src" -I"/home/shaheer/Desktop/ntiny_ide/ntiny_application/lib/ADXL_346/src" -I"/home/shaheer/Desktop/ntiny_ide/ntiny_application/lib/DAC_MCP4725/src" -I"/home/shaheer/Desktop/ntiny_ide/ntiny_application/lib/DMD/src" -I"/home/shaheer/Desktop/ntiny_ide/ntiny_application/lib/GY80/src" -I"/home/shaheer/Desktop/ntiny_ide/ntiny_application/lib/keypad/src" -I"/home/shaheer/Desktop/ntiny_ide/ntiny_application/lib/lcd/src" -I"/home/shaheer/Desktop/ntiny_ide/ntiny_application/lib/MFRC522/src" -I"/home/shaheer/Desktop/ntiny_ide/ntiny_application/lib/MPU_6050/src" -I"/home/shaheer/Desktop/ntiny_ide/ntiny_application/lib/Servo_motor/src" -std=gnu11 -MMD -MP -MF"src/car_main.d" -MT"src/car_main.o" -c -o "src/car_main.o" "../src/car_main.c"
Finished building: ../src/car_main.c
 
Building file: ../lib/lcd/src/lcd.c
Invoking: GNU RISC-V Cross C Compiler
riscv64-unknown-elf-gcc -march=rv32im -mabi=ilp32 -msmall-data-limit=8 -mno-save-restore -Os -fmessage-length=0 -fsigned-char -ffunction-sections -fdata-sections -fno-common  -g3 -I"/home/shaheer/Desktop/ntiny_ide/ntiny_application/bsp/inc" -I"/home/shaheer/Desktop/ntiny_ide/ntiny_application/lib/FFT/src" -I"/home/shaheer/Desktop/ntiny_ide/ntiny_application/lib/AES/src" -I"/home/shaheer/Desktop/ntiny_ide/ntiny_application/lib/ADXL_346/src" -I"/home/shaheer/Desktop/ntiny_ide/ntiny_application/lib/DAC_MCP4725/src" -I"/home/shaheer/Desktop/ntiny_ide/ntiny_application/lib/DMD/src" -I"/home/shaheer/Desktop/ntiny_ide/ntiny_application/lib/GY80/src" -I"/home/shaheer/Desktop/ntiny_ide/ntiny_application/lib/keypad/src" -I"/home/shaheer/Desktop/ntiny_ide/ntiny_application/lib/lcd/src" -I"/home/shaheer/Desktop/ntiny_ide/ntiny_application/lib/MFRC522/src" -I"/home/shaheer/Desktop/ntiny_ide/ntiny_application/lib/MPU_6050/src" -I"/home/shaheer/Desktop/ntiny_ide/ntiny_application/lib/Servo_motor/src" -std=gnu11 -MMD -MP -MF"lib/lcd/src/lcd.d" -MT"lib/lcd/src/lcd.o" -c -o "lib/lcd/src/lcd.o" "../lib/lcd/src/lcd.c"
Finished building: ../lib/lcd/src/lcd.c
 
Building file: ../lib/keypad/src/keypad.c
Invoking: GNU RISC-V Cross C Compiler
riscv64-unknown-elf-gcc -march=rv32im -mabi=ilp32 -msmall-data-limit=8 -mno-save-restore -Os -fmessage-length=0 -fsigned-char -ffunction-sections -fdata-sections -fno-common  -g3 -I"/home/shaheer/Desktop/ntiny_ide/ntiny_application/bsp/inc" -I"/home/shaheer/Desktop/ntiny_ide/ntiny_application/lib/FFT/src" -I"/home/shaheer/Desktop/ntiny_ide/ntiny_application/lib/AES/src" -I"/home/shaheer/Desktop/ntiny_ide/ntiny_application/lib/ADXL_346/src" -I"/home/shaheer/Desktop/ntiny_ide/ntiny_application/lib/DAC_MCP4725/src" -I"/home/shaheer/Desktop/ntiny_ide/ntiny_application/lib/DMD/src" -I"/home/shaheer/Desktop/ntiny_ide/ntiny_application/lib/GY80/src" -I"/home/shaheer/Desktop/ntiny_ide/ntiny_application/lib/keypad/src" -I"/home/shaheer/Desktop/ntiny_ide/ntiny_application/lib/lcd/src" -I"/home/shaheer/Desktop/ntiny_ide/ntiny_application/lib/MFRC522/src" -I"/home/shaheer/Desktop/ntiny_ide/ntiny_application/lib/MPU_6050/src" -I"/home/shaheer/Desktop/ntiny_ide/ntiny_application/lib/Servo_motor/src" -std=gnu11 -MMD -MP -MF"lib/keypad/src/keypad.d" -MT"lib/keypad/src/keypad.o" -c -o "lib/keypad/src/keypad.o" "../lib/keypad/src/keypad.c"
Finished building: ../lib/keypad/src/keypad.c
 
Building file: ../lib/Servo_motor/src/servo.c
Invoking: GNU RISC-V Cross C Compiler
riscv64-unknown-elf-gcc -march=rv32im -mabi=ilp32 -msmall-data-limit=8 -mno-save-restore -Os -fmessage-length=0 -fsigned-char -ffunction-sections -fdata-sections -fno-common  -g3 -I"/home/shaheer/Desktop/ntiny_ide/ntiny_application/bsp/inc" -I"/home/shaheer/Desktop/ntiny_ide/ntiny_application/lib/FFT/src" -I"/home/shaheer/Desktop/ntiny_ide/ntiny_application/lib/AES/src" -I"/home/shaheer/Desktop/ntiny_ide/ntiny_application/lib/ADXL_346/src" -I"/home/shaheer/Desktop/ntiny_ide/ntiny_application/lib/DAC_MCP4725/src" -I"/home/shaheer/Desktop/ntiny_ide/ntiny_application/lib/DMD/src" -I"/home/shaheer/Desktop/ntiny_ide/ntiny_application/lib/GY80/src" -I"/home/shaheer/Desktop/ntiny_ide/ntiny_application/lib/keypad/src" -I"/home/shaheer/Desktop/ntiny_ide/ntiny_application/lib/lcd/src" -I"/home/shaheer/Desktop/ntiny_ide/ntiny_application/lib/MFRC522/src" -I"/home/shaheer/Desktop/ntiny_ide/ntiny_application/lib/MPU_6050/src" -I"/home/shaheer/Desktop/ntiny_ide/ntiny_application/lib/Servo_motor/src" -std=gnu11 -MMD -MP -MF"lib/Servo_motor/src/servo.d" -MT"lib/Servo_motor/src/servo.o" -c -o "lib/Servo_motor/src/servo.o" "../lib/Servo_motor/src/servo.c"
Finished building: ../lib/Servo_motor/src/servo.c
 
Building file: ../lib/SSD1306/src/font.c
Invoking: GNU RISC-V Cross C Compiler
riscv64-unknown-elf-gcc -march=rv32im -mabi=ilp32 -msmall-data-limit=8 -mno-save-restore -Os -fmessage-length=0 -fsigned-char -ffunction-sections -fdata-sections -fno-common  -g3 -I"/home/shaheer/Desktop/ntiny_ide/ntiny_application/bsp/inc" -I"/home/shaheer/Desktop/ntiny_ide/ntiny_application/lib/FFT/src" -I"/home/shaheer/Desktop/ntiny_ide/ntiny_application/lib/AES/src" -I"/home/shaheer/Desktop/ntiny_ide/ntiny_application/lib/ADXL_346/src" -I"/home/shaheer/Desktop/ntiny_ide/ntiny_application/lib/DAC_MCP4725/src" -I"/home/shaheer/Desktop/ntiny_ide/ntiny_application/lib/DMD/src" -I"/home/shaheer/Desktop/ntiny_ide/ntiny_application/lib/GY80/src" -I"/home/shaheer/Desktop/ntiny_ide/ntiny_application/lib/keypad/src" -I"/home/shaheer/Desktop/ntiny_ide/ntiny_application/lib/lcd/src" -I"/home/shaheer/Desktop/ntiny_ide/ntiny_application/lib/MFRC522/src" -I"/home/shaheer/Desktop/ntiny_ide/ntiny_application/lib/MPU_6050/src" -I"/home/shaheer/Desktop/ntiny_ide/ntiny_application/lib/Servo_motor/src" -std=gnu11 -MMD -MP -MF"lib/SSD1306/src/font.d" -MT"lib/SSD1306/src/font.o" -c -o "lib/SSD1306/src/font.o" "../lib/SSD1306/src/font.c"
Finished building: ../lib/SSD1306/src/font.c
 
Building file: ../lib/SSD1306/src/ssd1306.c
Invoking: GNU RISC-V Cross C Compiler
riscv64-unknown-elf-gcc -march=rv32im -mabi=ilp32 -msmall-data-limit=8 -mno-save-restore -Os -fmessage-length=0 -fsigned-char -ffunction-sections -fdata-sections -fno-common  -g3 -I"/home/shaheer/Desktop/ntiny_ide/ntiny_application/bsp/inc" -I"/home/shaheer/Desktop/ntiny_ide/ntiny_application/lib/FFT/src" -I"/home/shaheer/Desktop/ntiny_ide/ntiny_application/lib/AES/src" -I"/home/shaheer/Desktop/ntiny_ide/ntiny_application/lib/ADXL_346/src" -I"/home/shaheer/Desktop/ntiny_ide/ntiny_application/lib/DAC_MCP4725/src" -I"/home/shaheer/Desktop/ntiny_ide/ntiny_application/lib/DMD/src" -I"/home/shaheer/Desktop/ntiny_ide/ntiny_application/lib/GY80/src" -I"/home/shaheer/Desktop/ntiny_ide/ntiny_application/lib/keypad/src" -I"/home/shaheer/Desktop/ntiny_ide/ntiny_application/lib/lcd/src" -I"/home/shaheer/Desktop/ntiny_ide/ntiny_application/lib/MFRC522/src" -I"/home/shaheer/Desktop/ntiny_ide/ntiny_application/lib/MPU_6050/src" -I"/home/shaheer/Desktop/ntiny_ide/ntiny_application/lib/Servo_motor/src" -std=gnu11 -MMD -MP -MF"lib/SSD1306/src/ssd1306.d" -MT"lib/SSD1306/src/ssd1306.o" -c -o "lib/SSD1306/src/ssd1306.o" "../lib/SSD1306/src/ssd1306.c"
Finished building: ../lib/SSD1306/src/ssd1306.c
 
Building file: ../lib/MPU_6050/src/mpu_6050.c
Invoking: GNU RISC-V Cross C Compiler
riscv64-unknown-elf-gcc -march=rv32im -mabi=ilp32 -msmall-data-limit=8 -mno-save-restore -Os -fmessage-length=0 -fsigned-char -ffunction-sections -fdata-sections -fno-common  -g3 -I"/home/shaheer/Desktop/ntiny_ide/ntiny_application/bsp/inc" -I"/home/shaheer/Desktop/ntiny_ide/ntiny_application/lib/FFT/src" -I"/home/shaheer/Desktop/ntiny_ide/ntiny_application/lib/AES/src" -I"/home/shaheer/Desktop/ntiny_ide/ntiny_application/lib/ADXL_346/src" -I"/home/shaheer/Desktop/ntiny_ide/ntiny_application/lib/DAC_MCP4725/src" -I"/home/shaheer/Desktop/ntiny_ide/ntiny_application/lib/DMD/src" -I"/home/shaheer/Desktop/ntiny_ide/ntiny_application/lib/GY80/src" -I"/home/shaheer/Desktop/ntiny_ide/ntiny_application/lib/keypad/src" -I"/home/shaheer/Desktop/ntiny_ide/ntiny_application/lib/lcd/src" -I"/home/shaheer/Desktop/ntiny_ide/ntiny_application/lib/MFRC522/src" -I"/home/shaheer/Desktop/ntiny_ide/ntiny_application/lib/MPU_6050/src" -I"/home/shaheer/Desktop/ntiny_ide/ntiny_application/lib/Servo_motor/src" -std=gnu11 -MMD -MP -MF"lib/MPU_6050/src/mpu_6050.d" -MT"lib/MPU_6050/src/mpu_6050.o" -c -o "lib/MPU_6050/src/mpu_6050.o" "../lib/MPU_6050/src/mpu_6050.c"
Finished building: ../lib/MPU_6050/src/mpu_6050.c
 
Building file: ../lib/MFRC522/src/mfrc522.c
Invoking: GNU RISC-V Cross C Compiler
riscv64-unknown-elf-gcc -march=rv32im -mabi=ilp32 -msmall-data-limit=8 -mno-save-restore -Os -fmessage-length=0 -fsigned-char -ffunction-sections -fdata-sections -fno-common  -g3 -I"/home/shaheer/Desktop/ntiny_ide/ntiny_application/bsp/inc" -I"/home/shaheer/Desktop/ntiny_ide/ntiny_application/lib/FFT/src" -I"/home/shaheer/Desktop/ntiny_ide/ntiny_application/lib/AES/src" -I"/home/shaheer/Desktop/ntiny_ide/ntiny_application/lib/ADXL_346/src" -I"/home/shaheer/Desktop/ntiny_ide/ntiny_application/lib/DAC_MCP4725/src" -I"/home/shaheer/Desktop/ntiny_ide/ntiny_application/lib/DMD/src" -I"/home/shaheer/Desktop/ntiny_ide/ntiny_application/lib/GY80/src" -I"/home/shaheer/Desktop/ntiny_ide/ntiny_application/lib/keypad/src" -I"/home/shaheer/Desktop/ntiny_ide/ntiny_application/lib/lcd/src" -I"/home/shaheer/Desktop/ntiny_ide/ntiny_application/lib/MFRC522/src" -I"/home/shaheer/Desktop/ntiny_ide/ntiny_application/lib/MPU_6050/src" -I"/home/shaheer/Desktop/ntiny_ide/ntiny_application/lib/Servo_motor/src" -std=gnu11 -MMD -MP -MF"lib/MFRC522/src/mfrc522.d" -MT"lib/MFRC522/src/mfrc522.o" -c -o "lib/MFRC522/src/mfrc522.o" "../lib/MFRC522/src/mfrc522.c"
Finished building: ../lib/MFRC522/src/mfrc522.c
 
Building file: ../lib/MFRC522/src/rf_id_test.c
Invoking: GNU RISC-V Cross C Compiler
riscv64-unknown-elf-gcc -march=rv32im -mabi=ilp32 -msmall-data-limit=8 -mno-save-restore -Os -fmessage-length=0 -fsigned-char -ffunction-sections -fdata-sections -fno-common  -g3 -I"/home/shaheer/Desktop/ntiny_ide/ntiny_application/bsp/inc" -I"/home/shaheer/Desktop/ntiny_ide/ntiny_application/lib/FFT/src" -I"/home/shaheer/Desktop/ntiny_ide/ntiny_application/lib/AES/src" -I"/home/shaheer/Desktop/ntiny_ide/ntiny_application/lib/ADXL_346/src" -I"/home/shaheer/Desktop/ntiny_ide/ntiny_application/lib/DAC_MCP4725/src" -I"/home/shaheer/Desktop/ntiny_ide/ntiny_application/lib/DMD/src" -I"/home/shaheer/Desktop/ntiny_ide/ntiny_application/lib/GY80/src" -I"/home/shaheer/Desktop/ntiny_ide/ntiny_application/lib/keypad/src" -I"/home/shaheer/Desktop/ntiny_ide/ntiny_application/lib/lcd/src" -I"/home/shaheer/Desktop/ntiny_ide/ntiny_application/lib/MFRC522/src" -I"/home/shaheer/Desktop/ntiny_ide/ntiny_application/lib/MPU_6050/src" -I"/home/shaheer/Desktop/ntiny_ide/ntiny_application/lib/Servo_motor/src" -std=gnu11 -MMD -MP -MF"lib/MFRC522/src/rf_id_test.d" -MT"lib/MFRC522/src/rf_id_test.o" -c -o "lib/MFRC522/src/rf_id_test.o" "../lib/MFRC522/src/rf_id_test.c"
Finished building: ../lib/MFRC522/src/rf_id_test.c
 
Building file: ../lib/GY80/src/GY80.c
Invoking: GNU RISC-V Cross C Compiler
riscv64-unknown-elf-gcc -march=rv32im -mabi=ilp32 -msmall-data-limit=8 -mno-save-restore -Os -fmessage-length=0 -fsigned-char -ffunction-sections -fdata-sections -fno-common  -g3 -I"/home/shaheer/Desktop/ntiny_ide/ntiny_application/bsp/inc" -I"/home/shaheer/Desktop/ntiny_ide/ntiny_application/lib/FFT/src" -I"/home/shaheer/Desktop/ntiny_ide/ntiny_application/lib/AES/src" -I"/home/shaheer/Desktop/ntiny_ide/ntiny_application/lib/ADXL_346/src" -I"/home/shaheer/Desktop/ntiny_ide/ntiny_application/lib/DAC_MCP4725/src" -I"/home/shaheer/Desktop/ntiny_ide/ntiny_application/lib/DMD/src" -I"/home/shaheer/Desktop/ntiny_ide/ntiny_application/lib/GY80/src" -I"/home/shaheer/Desktop/ntiny_ide/ntiny_application/lib/keypad/src" -I"/home/shaheer/Desktop/ntiny_ide/ntiny_application/lib/lcd/src" -I"/home/shaheer/Desktop/ntiny_ide/ntiny_application/lib/MFRC522/src" -I"/home/shaheer/Desktop/ntiny_ide/ntiny_application/lib/MPU_6050/src" -I"/home/shaheer/Desktop/ntiny_ide/ntiny_application/lib/Servo_motor/src" -std=gnu11 -MMD -MP -MF"lib/GY80/src/GY80.d" -MT"lib/GY80/src/GY80.o" -c -o "lib/GY80/src/GY80.o" "../lib/GY80/src/GY80.c"
Finished building: ../lib/GY80/src/GY80.c
 
Building file: ../lib/FFT/src/microFFT.c
Invoking: GNU RISC-V Cross C Compiler
riscv64-unknown-elf-gcc -march=rv32im -mabi=ilp32 -msmall-data-limit=8 -mno-save-restore -Os -fmessage-length=0 -fsigned-char -ffunction-sections -fdata-sections -fno-common  -g3 -I"/home/shaheer/Desktop/ntiny_ide/ntiny_application/bsp/inc" -I"/home/shaheer/Desktop/ntiny_ide/ntiny_application/lib/FFT/src" -I"/home/shaheer/Desktop/ntiny_ide/ntiny_application/lib/AES/src" -I"/home/shaheer/Desktop/ntiny_ide/ntiny_application/lib/ADXL_346/src" -I"/home/shaheer/Desktop/ntiny_ide/ntiny_application/lib/DAC_MCP4725/src" -I"/home/shaheer/Desktop/ntiny_ide/ntiny_application/lib/DMD/src" -I"/home/shaheer/Desktop/ntiny_ide/ntiny_application/lib/GY80/src" -I"/home/shaheer/Desktop/ntiny_ide/ntiny_application/lib/keypad/src" -I"/home/shaheer/Desktop/ntiny_ide/ntiny_application/lib/lcd/src" -I"/home/shaheer/Desktop/ntiny_ide/ntiny_application/lib/MFRC522/src" -I"/home/shaheer/Desktop/ntiny_ide/ntiny_application/lib/MPU_6050/src" -I"/home/shaheer/Desktop/ntiny_ide/ntiny_application/lib/Servo_motor/src" -std=gnu11 -MMD -MP -MF"lib/FFT/src/microFFT.d" -MT"lib/FFT/src/microFFT.o" -c -o "lib/FFT/src/microFFT.o" "../lib/FFT/src/microFFT.c"
Finished building: ../lib/FFT/src/microFFT.c
 
Building file: ../lib/DMD/src/DMD.c
Invoking: GNU RISC-V Cross C Compiler
riscv64-unknown-elf-gcc -march=rv32im -mabi=ilp32 -msmall-data-limit=8 -mno-save-restore -Os -fmessage-length=0 -fsigned-char -ffunction-sections -fdata-sections -fno-common  -g3 -I"/home/shaheer/Desktop/ntiny_ide/ntiny_application/bsp/inc" -I"/home/shaheer/Desktop/ntiny_ide/ntiny_application/lib/FFT/src" -I"/home/shaheer/Desktop/ntiny_ide/ntiny_application/lib/AES/src" -I"/home/shaheer/Desktop/ntiny_ide/ntiny_application/lib/ADXL_346/src" -I"/home/shaheer/Desktop/ntiny_ide/ntiny_application/lib/DAC_MCP4725/src" -I"/home/shaheer/Desktop/ntiny_ide/ntiny_application/lib/DMD/src" -I"/home/shaheer/Desktop/ntiny_ide/ntiny_application/lib/GY80/src" -I"/home/shaheer/Desktop/ntiny_ide/ntiny_application/lib/keypad/src" -I"/home/shaheer/Desktop/ntiny_ide/ntiny_application/lib/lcd/src" -I"/home/shaheer/Desktop/ntiny_ide/ntiny_application/lib/MFRC522/src" -I"/home/shaheer/Desktop/ntiny_ide/ntiny_application/lib/MPU_6050/src" -I"/home/shaheer/Desktop/ntiny_ide/ntiny_application/lib/Servo_motor/src" -std=gnu11 -MMD -MP -MF"lib/DMD/src/DMD.d" -MT"lib/DMD/src/DMD.o" -c -o "lib/DMD/src/DMD.o" "../lib/DMD/src/DMD.c"
Finished building: ../lib/DMD/src/DMD.c
 
Building file: ../lib/DAC_MCP4725/src/dac.c
Invoking: GNU RISC-V Cross C Compiler
riscv64-unknown-elf-gcc -march=rv32im -mabi=ilp32 -msmall-data-limit=8 -mno-save-restore -Os -fmessage-length=0 -fsigned-char -ffunction-sections -fdata-sections -fno-common  -g3 -I"/home/shaheer/Desktop/ntiny_ide/ntiny_application/bsp/inc" -I"/home/shaheer/Desktop/ntiny_ide/ntiny_application/lib/FFT/src" -I"/home/shaheer/Desktop/ntiny_ide/ntiny_application/lib/AES/src" -I"/home/shaheer/Desktop/ntiny_ide/ntiny_application/lib/ADXL_346/src" -I"/home/shaheer/Desktop/ntiny_ide/ntiny_application/lib/DAC_MCP4725/src" -I"/home/shaheer/Desktop/ntiny_ide/ntiny_application/lib/DMD/src" -I"/home/shaheer/Desktop/ntiny_ide/ntiny_application/lib/GY80/src" -I"/home/shaheer/Desktop/ntiny_ide/ntiny_application/lib/keypad/src" -I"/home/shaheer/Desktop/ntiny_ide/ntiny_application/lib/lcd/src" -I"/home/shaheer/Desktop/ntiny_ide/ntiny_application/lib/MFRC522/src" -I"/home/shaheer/Desktop/ntiny_ide/ntiny_application/lib/MPU_6050/src" -I"/home/shaheer/Desktop/ntiny_ide/ntiny_application/lib/Servo_motor/src" -std=gnu11 -MMD -MP -MF"lib/DAC_MCP4725/src/dac.d" -MT"lib/DAC_MCP4725/src/dac.o" -c -o "lib/DAC_MCP4725/src/dac.o" "../lib/DAC_MCP4725/src/dac.c"
Finished building: ../lib/DAC_MCP4725/src/dac.c
 
Building file: ../lib/AES/src/aes.c
Invoking: GNU RISC-V Cross C Compiler
riscv64-unknown-elf-gcc -march=rv32im -mabi=ilp32 -msmall-data-limit=8 -mno-save-restore -Os -fmessage-length=0 -fsigned-char -ffunction-sections -fdata-sections -fno-common  -g3 -I"/home/shaheer/Desktop/ntiny_ide/ntiny_application/bsp/inc" -I"/home/shaheer/Desktop/ntiny_ide/ntiny_application/lib/FFT/src" -I"/home/shaheer/Desktop/ntiny_ide/ntiny_application/lib/AES/src" -I"/home/shaheer/Desktop/ntiny_ide/ntiny_application/lib/ADXL_346/src" -I"/home/shaheer/Desktop/ntiny_ide/ntiny_application/lib/DAC_MCP4725/src" -I"/home/shaheer/Desktop/ntiny_ide/ntiny_application/lib/DMD/src" -I"/home/shaheer/Desktop/ntiny_ide/ntiny_application/lib/GY80/src" -I"/home/shaheer/Desktop/ntiny_ide/ntiny_application/lib/keypad/src" -I"/home/shaheer/Desktop/ntiny_ide/ntiny_application/lib/lcd/src" -I"/home/shaheer/Desktop/ntiny_ide/ntiny_application/lib/MFRC522/src" -I"/home/shaheer/Desktop/ntiny_ide/ntiny_application/lib/MPU_6050/src" -I"/home/shaheer/Desktop/ntiny_ide/ntiny_application/lib/Servo_motor/src" -std=gnu11 -MMD -MP -MF"lib/AES/src/aes.d" -MT"lib/AES/src/aes.o" -c -o "lib/AES/src/aes.o" "../lib/AES/src/aes.c"
Finished building: ../lib/AES/src/aes.c
 
Building file: ../lib/ADXL_346/src/adxl_345.c
Invoking: GNU RISC-V Cross C Compiler
riscv64-unknown-elf-gcc -march=rv32im -mabi=ilp32 -msmall-data-limit=8 -mno-save-restore -Os -fmessage-length=0 -fsigned-char -ffunction-sections -fdata-sections -fno-common  -g3 -I"/home/shaheer/Desktop/ntiny_ide/ntiny_application/bsp/inc" -I"/home/shaheer/Desktop/ntiny_ide/ntiny_application/lib/FFT/src" -I"/home/shaheer/Desktop/ntiny_ide/ntiny_application/lib/AES/src" -I"/home/shaheer/Desktop/ntiny_ide/ntiny_application/lib/ADXL_346/src" -I"/home/shaheer/Desktop/ntiny_ide/ntiny_application/lib/DAC_MCP4725/src" -I"/home/shaheer/Desktop/ntiny_ide/ntiny_application/lib/DMD/src" -I"/home/shaheer/Desktop/ntiny_ide/ntiny_application/lib/GY80/src" -I"/home/shaheer/Desktop/ntiny_ide/ntiny_application/lib/keypad/src" -I"/home/shaheer/Desktop/ntiny_ide/ntiny_application/lib/lcd/src" -I"/home/shaheer/Desktop/ntiny_ide/ntiny_application/lib/MFRC522/src" -I"/home/shaheer/Desktop/ntiny_ide/ntiny_application/lib/MPU_6050/src" -I"/home/shaheer/Desktop/ntiny_ide/ntiny_application/lib/Servo_motor/src" -std=gnu11 -MMD -MP -MF"lib/ADXL_346/src/adxl_345.d" -MT"lib/ADXL_346/src/adxl_345.o" -c -o "lib/ADXL_346/src/adxl_345.o" "../lib/ADXL_346/src/adxl_345.c"
Finished building: ../lib/ADXL_346/src/adxl_345.c
 
Building file: ../bsp/src/clock.c
Invoking: GNU RISC-V Cross C Compiler
riscv64-unknown-elf-gcc -march=rv32im -mabi=ilp32 -msmall-data-limit=8 -mno-save-restore -Os -fmessage-length=0 -fsigned-char -ffunction-sections -fdata-sections -fno-common  -g3 -I"/home/shaheer/Desktop/ntiny_ide/ntiny_application/bsp/inc" -I"/home/shaheer/Desktop/ntiny_ide/ntiny_application/lib/FFT/src" -I"/home/shaheer/Desktop/ntiny_ide/ntiny_application/lib/AES/src" -I"/home/shaheer/Desktop/ntiny_ide/ntiny_application/lib/ADXL_346/src" -I"/home/shaheer/Desktop/ntiny_ide/ntiny_application/lib/DAC_MCP4725/src" -I"/home/shaheer/Desktop/ntiny_ide/ntiny_application/lib/DMD/src" -I"/home/shaheer/Desktop/ntiny_ide/ntiny_application/lib/GY80/src" -I"/home/shaheer/Desktop/ntiny_ide/ntiny_application/lib/keypad/src" -I"/home/shaheer/Desktop/ntiny_ide/ntiny_application/lib/lcd/src" -I"/home/shaheer/Desktop/ntiny_ide/ntiny_application/lib/MFRC522/src" -I"/home/shaheer/Desktop/ntiny_ide/ntiny_application/lib/MPU_6050/src" -I"/home/shaheer/Desktop/ntiny_ide/ntiny_application/lib/Servo_motor/src" -std=gnu11 -MMD -MP -MF"bsp/src/clock.d" -MT"bsp/src/clock.o" -c -o "bsp/src/clock.o" "../bsp/src/clock.c"
Finished building: ../bsp/src/clock.c
 
Building file: ../bsp/src/cvt.c
Invoking: GNU RISC-V Cross C Compiler
riscv64-unknown-elf-gcc -march=rv32im -mabi=ilp32 -msmall-data-limit=8 -mno-save-restore -Os -fmessage-length=0 -fsigned-char -ffunction-sections -fdata-sections -fno-common  -g3 -I"/home/shaheer/Desktop/ntiny_ide/ntiny_application/bsp/inc" -I"/home/shaheer/Desktop/ntiny_ide/ntiny_application/lib/FFT/src" -I"/home/shaheer/Desktop/ntiny_ide/ntiny_application/lib/AES/src" -I"/home/shaheer/Desktop/ntiny_ide/ntiny_application/lib/ADXL_346/src" -I"/home/shaheer/Desktop/ntiny_ide/ntiny_application/lib/DAC_MCP4725/src" -I"/home/shaheer/Desktop/ntiny_ide/ntiny_application/lib/DMD/src" -I"/home/shaheer/Desktop/ntiny_ide/ntiny_application/lib/GY80/src" -I"/home/shaheer/Desktop/ntiny_ide/ntiny_application/lib/keypad/src" -I"/home/shaheer/Desktop/ntiny_ide/ntiny_application/lib/lcd/src" -I"/home/shaheer/Desktop/ntiny_ide/ntiny_application/lib/MFRC522/src" -I"/home/shaheer/Desktop/ntiny_ide/ntiny_application/lib/MPU_6050/src" -I"/home/shaheer/Desktop/ntiny_ide/ntiny_application/lib/Servo_motor/src" -std=gnu11 -MMD -MP -MF"bsp/src/cvt.d" -MT"bsp/src/cvt.o" -c -o "bsp/src/cvt.o" "../bsp/src/cvt.c"
Finished building: ../bsp/src/cvt.c
 
Building file: ../bsp/src/ee_printf.c
Invoking: GNU RISC-V Cross C Compiler
riscv64-unknown-elf-gcc -march=rv32im -mabi=ilp32 -msmall-data-limit=8 -mno-save-restore -Os -fmessage-length=0 -fsigned-char -ffunction-sections -fdata-sections -fno-common  -g3 -I"/home/shaheer/Desktop/ntiny_ide/ntiny_application/bsp/inc" -I"/home/shaheer/Desktop/ntiny_ide/ntiny_application/lib/FFT/src" -I"/home/shaheer/Desktop/ntiny_ide/ntiny_application/lib/AES/src" -I"/home/shaheer/Desktop/ntiny_ide/ntiny_application/lib/ADXL_346/src" -I"/home/shaheer/Desktop/ntiny_ide/ntiny_application/lib/DAC_MCP4725/src" -I"/home/shaheer/Desktop/ntiny_ide/ntiny_application/lib/DMD/src" -I"/home/shaheer/Desktop/ntiny_ide/ntiny_application/lib/GY80/src" -I"/home/shaheer/Desktop/ntiny_ide/ntiny_application/lib/keypad/src" -I"/home/shaheer/Desktop/ntiny_ide/ntiny_application/lib/lcd/src" -I"/home/shaheer/Desktop/ntiny_ide/ntiny_application/lib/MFRC522/src" -I"/home/shaheer/Desktop/ntiny_ide/ntiny_application/lib/MPU_6050/src" -I"/home/shaheer/Desktop/ntiny_ide/ntiny_application/lib/Servo_motor/src" -std=gnu11 -MMD -MP -MF"bsp/src/ee_printf.d" -MT"bsp/src/ee_printf.o" -c -o "bsp/src/ee_printf.o" "../bsp/src/ee_printf.c"
Finished building: ../bsp/src/ee_printf.c
 
Building file: ../bsp/src/gpio.c
Invoking: GNU RISC-V Cross C Compiler
riscv64-unknown-elf-gcc -march=rv32im -mabi=ilp32 -msmall-data-limit=8 -mno-save-restore -Os -fmessage-length=0 -fsigned-char -ffunction-sections -fdata-sections -fno-common  -g3 -I"/home/shaheer/Desktop/ntiny_ide/ntiny_application/bsp/inc" -I"/home/shaheer/Desktop/ntiny_ide/ntiny_application/lib/FFT/src" -I"/home/shaheer/Desktop/ntiny_ide/ntiny_application/lib/AES/src" -I"/home/shaheer/Desktop/ntiny_ide/ntiny_application/lib/ADXL_346/src" -I"/home/shaheer/Desktop/ntiny_ide/ntiny_application/lib/DAC_MCP4725/src" -I"/home/shaheer/Desktop/ntiny_ide/ntiny_application/lib/DMD/src" -I"/home/shaheer/Desktop/ntiny_ide/ntiny_application/lib/GY80/src" -I"/home/shaheer/Desktop/ntiny_ide/ntiny_application/lib/keypad/src" -I"/home/shaheer/Desktop/ntiny_ide/ntiny_application/lib/lcd/src" -I"/home/shaheer/Desktop/ntiny_ide/ntiny_application/lib/MFRC522/src" -I"/home/shaheer/Desktop/ntiny_ide/ntiny_application/lib/MPU_6050/src" -I"/home/shaheer/Desktop/ntiny_ide/ntiny_application/lib/Servo_motor/src" -std=gnu11 -MMD -MP -MF"bsp/src/gpio.d" -MT"bsp/src/gpio.o" -c -o "bsp/src/gpio.o" "../bsp/src/gpio.c"
Finished building: ../bsp/src/gpio.c
 
Building file: ../bsp/src/i2c.c
Invoking: GNU RISC-V Cross C Compiler
riscv64-unknown-elf-gcc -march=rv32im -mabi=ilp32 -msmall-data-limit=8 -mno-save-restore -Os -fmessage-length=0 -fsigned-char -ffunction-sections -fdata-sections -fno-common  -g3 -I"/home/shaheer/Desktop/ntiny_ide/ntiny_application/bsp/inc" -I"/home/shaheer/Desktop/ntiny_ide/ntiny_application/lib/FFT/src" -I"/home/shaheer/Desktop/ntiny_ide/ntiny_application/lib/AES/src" -I"/home/shaheer/Desktop/ntiny_ide/ntiny_application/lib/ADXL_346/src" -I"/home/shaheer/Desktop/ntiny_ide/ntiny_application/lib/DAC_MCP4725/src" -I"/home/shaheer/Desktop/ntiny_ide/ntiny_application/lib/DMD/src" -I"/home/shaheer/Desktop/ntiny_ide/ntiny_application/lib/GY80/src" -I"/home/shaheer/Desktop/ntiny_ide/ntiny_application/lib/keypad/src" -I"/home/shaheer/Desktop/ntiny_ide/ntiny_application/lib/lcd/src" -I"/home/shaheer/Desktop/ntiny_ide/ntiny_application/lib/MFRC522/src" -I"/home/shaheer/Desktop/ntiny_ide/ntiny_application/lib/MPU_6050/src" -I"/home/shaheer/Desktop/ntiny_ide/ntiny_application/lib/Servo_motor/src" -std=gnu11 -MMD -MP -MF"bsp/src/i2c.d" -MT"bsp/src/i2c.o" -c -o "bsp/src/i2c.o" "../bsp/src/i2c.c"
Finished building: ../bsp/src/i2c.c
 
Building file: ../bsp/src/init.c
Invoking: GNU RISC-V Cross C Compiler
riscv64-unknown-elf-gcc -march=rv32im -mabi=ilp32 -msmall-data-limit=8 -mno-save-restore -Os -fmessage-length=0 -fsigned-char -ffunction-sections -fdata-sections -fno-common  -g3 -I"/home/shaheer/Desktop/ntiny_ide/ntiny_application/bsp/inc" -I"/home/shaheer/Desktop/ntiny_ide/ntiny_application/lib/FFT/src" -I"/home/shaheer/Desktop/ntiny_ide/ntiny_application/lib/AES/src" -I"/home/shaheer/Desktop/ntiny_ide/ntiny_application/lib/ADXL_346/src" -I"/home/shaheer/Desktop/ntiny_ide/ntiny_application/lib/DAC_MCP4725/src" -I"/home/shaheer/Desktop/ntiny_ide/ntiny_application/lib/DMD/src" -I"/home/shaheer/Desktop/ntiny_ide/ntiny_application/lib/GY80/src" -I"/home/shaheer/Desktop/ntiny_ide/ntiny_application/lib/keypad/src" -I"/home/shaheer/Desktop/ntiny_ide/ntiny_application/lib/lcd/src" -I"/home/shaheer/Desktop/ntiny_ide/ntiny_application/lib/MFRC522/src" -I"/home/shaheer/Desktop/ntiny_ide/ntiny_application/lib/MPU_6050/src" -I"/home/shaheer/Desktop/ntiny_ide/ntiny_application/lib/Servo_motor/src" -std=gnu11 -MMD -MP -MF"bsp/src/init.d" -MT"bsp/src/init.o" -c -o "bsp/src/init.o" "../bsp/src/init.c"
Finished building: ../bsp/src/init.c
 
Building file: ../bsp/src/pwm.c
Invoking: GNU RISC-V Cross C Compiler
riscv64-unknown-elf-gcc -march=rv32im -mabi=ilp32 -msmall-data-limit=8 -mno-save-restore -Os -fmessage-length=0 -fsigned-char -ffunction-sections -fdata-sections -fno-common  -g3 -I"/home/shaheer/Desktop/ntiny_ide/ntiny_application/bsp/inc" -I"/home/shaheer/Desktop/ntiny_ide/ntiny_application/lib/FFT/src" -I"/home/shaheer/Desktop/ntiny_ide/ntiny_application/lib/AES/src" -I"/home/shaheer/Desktop/ntiny_ide/ntiny_application/lib/ADXL_346/src" -I"/home/shaheer/Desktop/ntiny_ide/ntiny_application/lib/DAC_MCP4725/src" -I"/home/shaheer/Desktop/ntiny_ide/ntiny_application/lib/DMD/src" -I"/home/shaheer/Desktop/ntiny_ide/ntiny_application/lib/GY80/src" -I"/home/shaheer/Desktop/ntiny_ide/ntiny_application/lib/keypad/src" -I"/home/shaheer/Desktop/ntiny_ide/ntiny_application/lib/lcd/src" -I"/home/shaheer/Desktop/ntiny_ide/ntiny_application/lib/MFRC522/src" -I"/home/shaheer/Desktop/ntiny_ide/ntiny_application/lib/MPU_6050/src" -I"/home/shaheer/Desktop/ntiny_ide/ntiny_application/lib/Servo_motor/src" -std=gnu11 -MMD -MP -MF"bsp/src/pwm.d" -MT"bsp/src/pwm.o" -c -o "bsp/src/pwm.o" "../bsp/src/pwm.c"
Finished building: ../bsp/src/pwm.c
 
Building file: ../bsp/src/spi.c
Invoking: GNU RISC-V Cross C Compiler
riscv64-unknown-elf-gcc -march=rv32im -mabi=ilp32 -msmall-data-limit=8 -mno-save-restore -Os -fmessage-length=0 -fsigned-char -ffunction-sections -fdata-sections -fno-common  -g3 -I"/home/shaheer/Desktop/ntiny_ide/ntiny_application/bsp/inc" -I"/home/shaheer/Desktop/ntiny_ide/ntiny_application/lib/FFT/src" -I"/home/shaheer/Desktop/ntiny_ide/ntiny_application/lib/AES/src" -I"/home/shaheer/Desktop/ntiny_ide/ntiny_application/lib/ADXL_346/src" -I"/home/shaheer/Desktop/ntiny_ide/ntiny_application/lib/DAC_MCP4725/src" -I"/home/shaheer/Desktop/ntiny_ide/ntiny_application/lib/DMD/src" -I"/home/shaheer/Desktop/ntiny_ide/ntiny_application/lib/GY80/src" -I"/home/shaheer/Desktop/ntiny_ide/ntiny_application/lib/keypad/src" -I"/home/shaheer/Desktop/ntiny_ide/ntiny_application/lib/lcd/src" -I"/home/shaheer/Desktop/ntiny_ide/ntiny_application/lib/MFRC522/src" -I"/home/shaheer/Desktop/ntiny_ide/ntiny_application/lib/MPU_6050/src" -I"/home/shaheer/Desktop/ntiny_ide/ntiny_application/lib/Servo_motor/src" -std=gnu11 -MMD -MP -MF"bsp/src/spi.d" -MT"bsp/src/spi.o" -c -o "bsp/src/spi.o" "../bsp/src/spi.c"
Finished building: ../bsp/src/spi.c
 
Building file: ../bsp/src/timer.c
Invoking: GNU RISC-V Cross C Compiler
riscv64-unknown-elf-gcc -march=rv32im -mabi=ilp32 -msmall-data-limit=8 -mno-save-restore -Os -fmessage-length=0 -fsigned-char -ffunction-sections -fdata-sections -fno-common  -g3 -I"/home/shaheer/Desktop/ntiny_ide/ntiny_application/bsp/inc" -I"/home/shaheer/Desktop/ntiny_ide/ntiny_application/lib/FFT/src" -I"/home/shaheer/Desktop/ntiny_ide/ntiny_application/lib/AES/src" -I"/home/shaheer/Desktop/ntiny_ide/ntiny_application/lib/ADXL_346/src" -I"/home/shaheer/Desktop/ntiny_ide/ntiny_application/lib/DAC_MCP4725/src" -I"/home/shaheer/Desktop/ntiny_ide/ntiny_application/lib/DMD/src" -I"/home/shaheer/Desktop/ntiny_ide/ntiny_application/lib/GY80/src" -I"/home/shaheer/Desktop/ntiny_ide/ntiny_application/lib/keypad/src" -I"/home/shaheer/Desktop/ntiny_ide/ntiny_application/lib/lcd/src" -I"/home/shaheer/Desktop/ntiny_ide/ntiny_application/lib/MFRC522/src" -I"/home/shaheer/Desktop/ntiny_ide/ntiny_application/lib/MPU_6050/src" -I"/home/shaheer/Desktop/ntiny_ide/ntiny_application/lib/Servo_motor/src" -std=gnu11 -MMD -MP -MF"bsp/src/timer.d" -MT"bsp/src/timer.o" -c -o "bsp/src/timer.o" "../bsp/src/timer.c"
Finished building: ../bsp/src/timer.c
 
Building file: ../bsp/src/uart.c
Invoking: GNU RISC-V Cross C Compiler
riscv64-unknown-elf-gcc -march=rv32im -mabi=ilp32 -msmall-data-limit=8 -mno-save-restore -Os -fmessage-length=0 -fsigned-char -ffunction-sections -fdata-sections -fno-common  -g3 -I"/home/shaheer/Desktop/ntiny_ide/ntiny_application/bsp/inc" -I"/home/shaheer/Desktop/ntiny_ide/ntiny_application/lib/FFT/src" -I"/home/shaheer/Desktop/ntiny_ide/ntiny_application/lib/AES/src" -I"/home/shaheer/Desktop/ntiny_ide/ntiny_application/lib/ADXL_346/src" -I"/home/shaheer/Desktop/ntiny_ide/ntiny_application/lib/DAC_MCP4725/src" -I"/home/shaheer/Desktop/ntiny_ide/ntiny_application/lib/DMD/src" -I"/home/shaheer/Desktop/ntiny_ide/ntiny_application/lib/GY80/src" -I"/home/shaheer/Desktop/ntiny_ide/ntiny_application/lib/keypad/src" -I"/home/shaheer/Desktop/ntiny_ide/ntiny_application/lib/lcd/src" -I"/home/shaheer/Desktop/ntiny_ide/ntiny_application/lib/MFRC522/src" -I"/home/shaheer/Desktop/ntiny_ide/ntiny_application/lib/MPU_6050/src" -I"/home/shaheer/Desktop/ntiny_ide/ntiny_application/lib/Servo_motor/src" -std=gnu11 -MMD -MP -MF"bsp/src/uart.d" -MT"bsp/src/uart.o" -c -o "bsp/src/uart.o" "../bsp/src/uart.c"
Finished building: ../bsp/src/uart.c
 
Building target: ntiny_application.elf
Invoking: GNU RISC-V Cross C Linker
riscv64-unknown-elf-gcc -march=rv32im -mabi=ilp32 -msmall-data-limit=8 -mno-save-restore -Os -fmessage-length=0 -fsigned-char -ffunction-sections -fdata-sections -fno-common  -g3 -T "/home/shaheer/Desktop/ntiny_ide/ntiny_application/bsp/script/link.ld" -nostartfiles -Xlinker --gc-sections --specs=nosys.specs -o "ntiny_application.elf"  ./src/car_main.o  ./lib/lcd/src/lcd.o  ./lib/keypad/src/keypad.o  ./lib/Servo_motor/src/servo.o  ./lib/SSD1306/src/font.o ./lib/SSD1306/src/ssd1306.o  ./lib/MPU_6050/src/mpu_6050.o  ./lib/MFRC522/src/mfrc522.o ./lib/MFRC522/src/rf_id_test.o  ./lib/GY80/src/GY80.o  ./lib/FFT/src/microFFT.o  ./lib/DMD/src/DMD.o  ./lib/DAC_MCP4725/src/dac.o  ./lib/AES/src/aes.o  ./lib/ADXL_346/src/adxl_345.o  ./bsp/src/clock.o ./bsp/src/cvt.o ./bsp/src/ee_printf.o ./bsp/src/gpio.o ./bsp/src/i2c.o ./bsp/src/init.o ./bsp/src/pwm.o ./bsp/src/spi.o ./bsp/src/timer.o ./bsp/src/uart.o   
Finished building target: ntiny_application.elf
 
Invoking: GNU RISC-V Cross Create Flash Image
riscv64-unknown-elf-objcopy -O ihex "ntiny_application.elf"  "ntiny_application.hex"
Finished building: ntiny_application.hex
 
Invoking: GNU RISC-V Cross Print Size
riscv64-unknown-elf-size --format=berkeley -x --totals "ntiny_application.elf"
   text	   data	    bss	    dec	    hex	filename
  0x61c	    0x8	    0x8	   1580	    62c	ntiny_application.elf
  0x61c	    0x8	    0x8	   1580	    62c	(TOTALS)
Finished building: ntiny_application.siz
 

15:07:23 Build Finished. 0 errors, 0 warnings. (took 1s.563ms)

